 E2Recomp_rebuilt

 Timestamp is 6a0d6ef2 (Wed May 20 09:21:06 2026)

 Preferred load address is 10000000

 Start         Length     Name                   Class
 0001:00000000 00084ef3H .text$mn                CODE
 0002:00000000 000001d0H .idata$5                DATA
 0002:000001d0 00000010H .00cfg                  DATA
 0002:000001d8 00000000H .gfids$y                DATA
 0002:000001e0 00001d60H .rdata                  DATA
 0002:00001f40 00000000H .rdata$CastGuardVftablesA DATA
 0002:00001f40 00000000H .rdata$CastGuardVftablesC DATA
 0002:00001f40 00000000H .edata                  DATA
 0002:00001f40 00000028H .rdata$voltmd           DATA
 0002:00001f68 000000ecH .rdata$zzzdbg           DATA
 0002:00002054 00000064H .idata$2                DATA
 0002:000020b8 00000014H .idata$3                DATA
 0002:000020cc 000001d0H .idata$4                DATA
 0002:0000229c 00000750H .idata$6                DATA
 0003:00000000 00000260H .data                   DATA
 0003:00000260 0002d284H .bss                    DATA

  Address         Publics by Value              Rva+Base       Lib:Object

 0000:00000000       ___AbsoluteZero            00000000     <absolute>
 0000:00000000       ___arm64x_extra_rfe_table  00000000     <absolute>
 0000:00000000       ___arm64x_extra_rfe_table_size 00000000     <absolute>
 0000:00000000       ___arm64x_native_entrypoint 00000000     <absolute>
 0000:00000000       ___arm64x_redirection_metadata 00000000     <absolute>
 0000:00000000       ___arm64x_redirection_metadata_count 00000000     <absolute>
 0000:00000000       ___dynamic_value_reloc_table 00000000     <absolute>
 0000:00000000       ___enclave_config          00000000     <absolute>
 0000:00000000       ___guard_check_icall_a64n_fptr 00000000     <absolute>
 0000:00000000       ___guard_eh_cont_count     00000000     <absolute>
 0000:00000000       ___guard_eh_cont_table     00000000     <absolute>
 0000:00000000       ___guard_fids_count        00000000     <absolute>
 0000:00000000       ___guard_fids_table        00000000     <absolute>
 0000:00000000       ___guard_iat_count         00000000     <absolute>
 0000:00000000       ___guard_iat_table         00000000     <absolute>
 0000:00000000       ___guard_longjmp_count     00000000     <absolute>
 0000:00000000       ___guard_longjmp_table     00000000     <absolute>
 0000:00000000       ___hybrid_auxiliary_delayload_iat 00000000     <absolute>
 0000:00000000       ___hybrid_auxiliary_delayload_iat_copy 00000000     <absolute>
 0000:00000000       ___hybrid_auxiliary_iat    00000000     <absolute>
 0000:00000000       ___hybrid_auxiliary_iat_copy 00000000     <absolute>
 0000:00000000       ___hybrid_code_map         00000000     <absolute>
 0000:00000000       ___hybrid_code_map_count   00000000     <absolute>
 0000:00000000       ___hybrid_image_info_bitfield 00000000     <absolute>
 0000:00000000       ___safe_se_handler_count   00000000     <absolute>
 0000:00000000       ___safe_se_handler_table   00000000     <absolute>
 0000:00000000       ___x64_code_ranges_to_entry_points 00000000     <absolute>
 0000:00000000       ___x64_code_ranges_to_entry_points_count 00000000     <absolute>
 0000:00000100       ___guard_flags             00000100     <absolute>
 0001:00000000       _FUN_00410078              10001000 f   E2Recomp_recon.obj
 0001:00000010       @FUN_0041007c@4            10001010 f   E2Recomp_recon.obj
 0001:00001140       @FUN_00410a48@4            10002140 f   E2Recomp_recon.obj
 0001:00009f10       _FUN_00413da4              1000af10 f   E2Recomp_recon.obj
 0001:0000a050       _FUN_00413e88              1000b050 f   E2Recomp_recon.obj
 0001:0000a060       @FUN_00413ea4@4            1000b060 f   E2Recomp_recon.obj
 0001:0000a0c0       @FUN_004142b8@8            1000b0c0 f   E2Recomp_recon.obj
 0001:0000a150       @FUN_004142e4@8            1000b150 f   E2Recomp_recon.obj
 0001:0000aea0       @FUN_00414690@8            1000bea0 f   E2Recomp_recon.obj
 0001:0000af20       @FUN_004146c0@8            1000bf20 f   E2Recomp_recon.obj
 0001:0000b100       @FUN_004147dc@4            1000c100 f   E2Recomp_recon.obj
 0001:0000b200       @FUN_004148ac@4            1000c200 f   E2Recomp_recon.obj
 0001:0000b290       @FUN_00414998@4            1000c290 f   E2Recomp_recon.obj
 0001:0000b3c0       @FUN_00414a94@8            1000c3c0 f   E2Recomp_recon.obj
 0001:0000b4c0       @FUN_00414b24@8            1000c4c0 f   E2Recomp_recon.obj
 0001:0000b900       @FUN_00414e5c@4            1000c900 f   E2Recomp_recon.obj
 0001:0000ba50       _FUN_00414e68              1000ca50 f   E2Recomp_recon.obj
 0001:0000bb90       _FUN_00414f40              1000cb90 f   E2Recomp_recon.obj
 0001:0000bd50       @FUN_00415b78@8            1000cd50 f   E2Recomp_recon.obj
 0001:0000bf00       @FUN_00415c04@8            1000cf00 f   E2Recomp_recon.obj
 0001:0000bfe0       @FUN_00415c68@8            1000cfe0 f   E2Recomp_recon.obj
 0001:0000c1a0       @FUN_00415d40@8            1000d1a0 f   E2Recomp_recon.obj
 0001:0000cae0       @FUN_0041643c@4            1000dae0 f   E2Recomp_recon.obj
 0001:0000cb90       _FUN_00416ba8              1000db90 f   E2Recomp_recon.obj
 0001:0000ccd0       _FUN_00416cb4              1000dcd0 f   E2Recomp_recon.obj
 0001:0000d2d0       @FUN_004171b8@8            1000e2d0 f   E2Recomp_recon.obj
 0001:0000d480       @FUN_00417248@8            1000e480 f   E2Recomp_recon.obj
 0001:0000d5d0       @FUN_00417308@8            1000e5d0 f   E2Recomp_recon.obj
 0001:0000d720       @FUN_004173c8@8            1000e720 f   E2Recomp_recon.obj
 0001:0000d8d0       @FUN_0041760c@24           1000e8d0 f   E2Recomp_recon.obj
 0001:0000def0       @FUN_00417b20@24           1000eef0 f   E2Recomp_recon.obj
 0001:0000e1c0       @FUN_00418134@16           1000f1c0 f   E2Recomp_recon.obj
 0001:0000e3d0       @FUN_0041831c@16           1000f3d0 f   E2Recomp_recon.obj
 0001:0000e5b0       @FUN_00418484@12           1000f5b0 f   E2Recomp_recon.obj
 0001:0000e6b0       @FUN_00418514@12           1000f6b0 f   E2Recomp_recon.obj
 0001:0000e7a0       @FUN_0041868c@16           1000f7a0 f   E2Recomp_recon.obj
 0001:0000e890       @FUN_00418770@8            1000f890 f   E2Recomp_recon.obj
 0001:0000ebf0       @FUN_00418a04@8            1000fbf0 f   E2Recomp_recon.obj
 0001:0000ed50       @FUN_00418b00@8            1000fd50 f   E2Recomp_recon.obj
 0001:0000ee50       @FUN_00418b98@8            1000fe50 f   E2Recomp_recon.obj
 0001:0000f1b0       _FUN_0041929c              100101b0 f   E2Recomp_recon.obj
 0001:0000f4a0       @FUN_004194a8@8            100104a0 f   E2Recomp_recon.obj
 0001:0000f960       @FUN_0041987c@8            10010960 f   E2Recomp_recon.obj
 0001:0000fc40       @FUN_00419af4@16           10010c40 f   E2Recomp_recon.obj
 0001:000109a0       @FUN_0041ab4c@12           100119a0 f   E2Recomp_recon.obj
 0001:00010c20       @FUN_0041ad54@12           10011c20 f   E2Recomp_recon.obj
 0001:00010d70       @FUN_0041af88@8            10011d70 f   E2Recomp_recon.obj
 0001:00010f10       @FUN_0041b078@8            10011f10 f   E2Recomp_recon.obj
 0001:00010f40       @FUN_0041b34c@8            10011f40 f   E2Recomp_recon.obj
 0001:00011180       @FUN_0041b540@8            10012180 f   E2Recomp_recon.obj
 0001:00011440       @FUN_0041b920@8            10012440 f   E2Recomp_recon.obj
 0001:000114d0       @FUN_0041b994@8            100124d0 f   E2Recomp_recon.obj
 0001:00011530       @FUN_0041b9d8@8            10012530 f   E2Recomp_recon.obj
 0001:000115f0       @FUN_0041ba68@8            100125f0 f   E2Recomp_recon.obj
 0001:00011620       _FUN_0041ba78              10012620 f   E2Recomp_recon.obj
 0001:00011630       @FUN_0041ba7c@8            10012630 f   E2Recomp_recon.obj
 0001:00011930       @FUN_0041bcc8@4            10012930 f   E2Recomp_recon.obj
 0001:00011970       @FUN_0041bcfc@4            10012970 f   E2Recomp_recon.obj
 0001:000119a0       @FUN_0041bd1c@4            100129a0 f   E2Recomp_recon.obj
 0001:00011b80       @FUN_0041be94@4            10012b80 f   E2Recomp_recon.obj
 0001:00011d80       @FUN_0041bffc@4            10012d80 f   E2Recomp_recon.obj
 0001:00011f90       @FUN_0041c184@4            10012f90 f   E2Recomp_recon.obj
 0001:000120f0       @FUN_0041c280@4            100130f0 f   E2Recomp_recon.obj
 0001:00012270       @FUN_0041c518@4            10013270 f   E2Recomp_recon.obj
 0001:00012440       @FUN_0041c884@4            10013440 f   E2Recomp_recon.obj
 0001:000125b0       @FUN_0041ca90@4            100135b0 f   E2Recomp_recon.obj
 0001:00012750       _FUN_0041ccf0              10013750 f   E2Recomp_recon.obj
 0001:000128c0       @FUN_0041ce88@8            100138c0 f   E2Recomp_recon.obj
 0001:00012aa0       @FUN_0041cf44@8            10013aa0 f   E2Recomp_recon.obj
 0001:00012af0       @FUN_0041cf5c@8            10013af0 f   E2Recomp_recon.obj
 0001:00012b40       _FUN_0041cfc0              10013b40 f   E2Recomp_recon.obj
 0001:00012cb0       @FUN_0041db48@8            10013cb0 f   E2Recomp_recon.obj
 0001:00012d20       @FUN_0041db98@8            10013d20 f   E2Recomp_recon.obj
 0001:00012de0       @FUN_0041dc20@8            10013de0 f   E2Recomp_recon.obj
 0001:00012e80       _FUN_0041dc8c              10013e80 f   E2Recomp_recon.obj
 0001:00013c60       @FUN_0041e85c@8            10014c60 f   E2Recomp_recon.obj
 0001:000146e0       @FUN_0041eb30@8            100156e0 f   E2Recomp_recon.obj
 0001:00017470       @FUN_00420578@8            10018470 f   E2Recomp_recon.obj
 0001:00017b80       _FUN_00420a10              10018b80 f   E2Recomp_recon.obj
 0001:00017e30       _FUN_00420b8c              10018e30 f   E2Recomp_recon.obj
 0001:00017f00       _FUN_00420c10              10018f00 f   E2Recomp_recon.obj
 0001:00017f30       _FUN_00420c34              10018f30 f   E2Recomp_recon.obj
 0001:00018210       _FUN_00420dcc              10019210 f   E2Recomp_recon.obj
 0001:00018380       @FUN_00420ec4@8            10019380 f   E2Recomp_recon.obj
 0001:00018600       @FUN_00421074@8            10019600 f   E2Recomp_recon.obj
 0001:00018860       @FUN_004211c8@8            10019860 f   E2Recomp_recon.obj
 0001:00019050       _FUN_00421684              1001a050 f   E2Recomp_recon.obj
 0001:000192f0       _FUN_00421850              1001a2f0 f   E2Recomp_recon.obj
 0001:00019580       _FUN_00421a14              1001a580 f   E2Recomp_recon.obj
 0001:00019c20       @FUN_00421f54@4            1001ac20 f   E2Recomp_recon.obj
 0001:0001a060       @FUN_00422238@8            1001b060 f   E2Recomp_recon.obj
 0001:0001a2b0       _FUN_00422330              1001b2b0 f   E2Recomp_recon.obj
 0001:0001a350       @FUN_00422368@8            1001b350 f   E2Recomp_recon.obj
 0001:0001a4a0       @FUN_00422460@8            1001b4a0 f   E2Recomp_recon.obj
 0001:0001a5f0       @FUN_00422538@8            1001b5f0 f   E2Recomp_recon.obj
 0001:0001a740       @FUN_00422628@8            1001b740 f   E2Recomp_recon.obj
 0001:0001a850       @FUN_00422674@8            1001b850 f   E2Recomp_recon.obj
 0001:0001a8c0       _FUN_004226bc              1001b8c0 f   E2Recomp_recon.obj
 0001:0001a920       @FUN_00422704@8            1001b920 f   E2Recomp_recon.obj
 0001:0001a990       @FUN_0042274c@8            1001b990 f   E2Recomp_recon.obj
 0001:0001aa10       _FUN_00422790              1001ba10 f   E2Recomp_recon.obj
 0001:0001aa90       @FUN_004228b8@8            1001ba90 f   E2Recomp_recon.obj
 0001:0001acd0       @FUN_00422a48@8            1001bcd0 f   E2Recomp_recon.obj
 0001:0001ad50       @FUN_00422aa0@8            1001bd50 f   E2Recomp_recon.obj
 0001:0001adb0       _FUN_00422abc              1001bdb0 f   E2Recomp_recon.obj
 0001:0001b360       _FUN_00422f44              1001c360 f   E2Recomp_recon.obj
 0001:0001b3e0       @FUN_00422fd8@8            1001c3e0 f   E2Recomp_recon.obj
 0001:0001b4d0       _FUN_00423070              1001c4d0 f   E2Recomp_recon.obj
 0001:0001b5b0       _FUN_00423674              1001c5b0 f   E2Recomp_recon.obj
 0001:0001b8c0       @FUN_00423858@8            1001c8c0 f   E2Recomp_recon.obj
 0001:0001c530       @FUN_00424164@8            1001d530 f   E2Recomp_recon.obj
 0001:0001c700       _FUN_00424318              1001d700 f   E2Recomp_recon.obj
 0001:0001cf00       _FUN_00424858              1001df00 f   E2Recomp_recon.obj
 0001:0001d090       _FUN_004249f4              1001e090 f   E2Recomp_recon.obj
 0001:0001d220       _FUN_00424b48              1001e220 f   E2Recomp_recon.obj
 0001:0001d310       _FUN_00424bd8              1001e310 f   E2Recomp_recon.obj
 0001:0001d460       _FUN_00424cbc              1001e460 f   E2Recomp_recon.obj
 0001:0001d4f0       _FUN_00424d14              1001e4f0 f   E2Recomp_recon.obj
 0001:0001d560       _FUN_00424d58              1001e560 f   E2Recomp_recon.obj
 0001:0001d5d0       _FUN_00424d98              1001e5d0 f   E2Recomp_recon.obj
 0001:0001d640       @FUN_00424dd8@4            1001e640 f   E2Recomp_recon.obj
 0001:0001d700       @FUN_00424e44@4            1001e700 f   E2Recomp_recon.obj
 0001:0001d770       _FUN_00424ed0              1001e770 f   E2Recomp_recon.obj
 0001:0001d890       _FUN_00425018              1001e890 f   E2Recomp_recon.obj
 0001:0001ddd0       _FUN_00425538              1001edd0 f   E2Recomp_recon.obj
 0001:0001e320       _FUN_00426010              1001f320 f   E2Recomp_recon.obj
 0001:0001e4e0       _FUN_00426124              1001f4e0 f   E2Recomp_recon.obj
 0001:0001e680       _FUN_00426220              1001f680 f   E2Recomp_recon.obj
 0001:0001e830       @FUN_00426320@8            1001f830 f   E2Recomp_recon.obj
 0001:0001e990       @FUN_004263ac@8            1001f990 f   E2Recomp_recon.obj
 0001:0001ea80       @FUN_00426410@8            1001fa80 f   E2Recomp_recon.obj
 0001:0001eb70       @FUN_00426478@8            1001fb70 f   E2Recomp_recon.obj
 0001:0001ed80       @FUN_004265ac@8            1001fd80 f   E2Recomp_recon.obj
 0001:0001f140       @FUN_00426798@8            10020140 f   E2Recomp_recon.obj
 0001:0001f350       @FUN_00426858@8            10020350 f   E2Recomp_recon.obj
 0001:0001f400       @FUN_004268a4@8            10020400 f   E2Recomp_recon.obj
 0001:0001f480       @FUN_004268e4@8            10020480 f   E2Recomp_recon.obj
 0001:0001f4f0       @FUN_0042692c@8            100204f0 f   E2Recomp_recon.obj
 0001:0001f560       @FUN_00426974@8            10020560 f   E2Recomp_recon.obj
 0001:0001f630       @FUN_004269d4@8            10020630 f   E2Recomp_recon.obj
 0001:0001f6b0       @FUN_00426a04@8            100206b0 f   E2Recomp_recon.obj
 0001:0001f720       @FUN_00426a30@8            10020720 f   E2Recomp_recon.obj
 0001:0001f7a0       _FUN_00426a80              100207a0 f   E2Recomp_recon.obj
 0001:0001f830       @FUN_00426ac4@8            10020830 f   E2Recomp_recon.obj
 0001:0001f910       @FUN_00426b54@8            10020910 f   E2Recomp_recon.obj
 0001:0001faa0       _FUN_00426bdc              10020aa0 f   E2Recomp_recon.obj
 0001:0001fb00       _FUN_00426c3c              10020b00 f   E2Recomp_recon.obj
 0001:0001fba0       _FUN_00426ca4              10020ba0 f   E2Recomp_recon.obj
 0001:0001fd90       _FUN_00426df8              10020d90 f   E2Recomp_recon.obj
 0001:0001fec0       _FUN_00426f70              10020ec0 f   E2Recomp_recon.obj
 0001:0001fed0       _FUN_00426f84              10020ed0 f   E2Recomp_recon.obj
 0001:0001fee0       _FUN_0042700c              10020ee0 f   E2Recomp_recon.obj
 0001:00020070       @FUN_00427160@8            10021070 f   E2Recomp_recon.obj
 0001:00020180       @FUN_00427214@8            10021180 f   E2Recomp_recon.obj
 0001:00020250       @FUN_004272a8@8            10021250 f   E2Recomp_recon.obj
 0001:00020410       @FUN_004273cc@4            10021410 f   E2Recomp_recon.obj
 0001:00020620       @FUN_00427584@8            10021620 f   E2Recomp_recon.obj
 0001:000262e0       @FUN_0042a098@8            100272e0 f   E2Recomp_recon.obj
 0001:00026620       @FUN_0042a3f0@8            10027620 f   E2Recomp_recon.obj
 0001:00026960       @FUN_0042a70c@8            10027960 f   E2Recomp_recon.obj
 0001:00027470       @FUN_0042ad60@8            10028470 f   E2Recomp_recon.obj
 0001:00027610       @FUN_0042ae80@8            10028610 f   E2Recomp_recon.obj
 0001:00027830       _FUN_0042b004              10028830 f   E2Recomp_recon.obj
 0001:000278c0       @FUN_0042b074@8            100288c0 f   E2Recomp_recon.obj
 0001:00027980       _FUN_0042b0f4              10028980 f   E2Recomp_recon.obj
 0001:00027da0       @FUN_0042b338@8            10028da0 f   E2Recomp_recon.obj
 0001:00027ef0       @FUN_0042b490@8            10028ef0 f   E2Recomp_recon.obj
 0001:00028170       _FUN_0042b5fc              10029170 f   E2Recomp_recon.obj
 0001:00028340       @FUN_0042b880@8            10029340 f   E2Recomp_recon.obj
 0001:0002abd0       @FUN_0042c790@8            1002bbd0 f   E2Recomp_recon.obj
 0001:0002b7c0       _FUN_0042ce70              1002c7c0 f   E2Recomp_recon.obj
 0001:0002b8c0       @FUN_0042cf04@8            1002c8c0 f   E2Recomp_recon.obj
 0001:0002b970       @FUN_0042cf54@8            1002c970 f   E2Recomp_recon.obj
 0001:0002bab0       _FUN_0042d048              1002cab0 f   E2Recomp_recon.obj
 0001:0002bb70       @FUN_0042d0d4@8            1002cb70 f   E2Recomp_recon.obj
 0001:0002bd00       _FUN_0042d1a4              1002cd00 f   E2Recomp_recon.obj
 0001:0002bde0       @FUN_0042d20c@4            1002cde0 f   E2Recomp_recon.obj
 0001:0002be40       @FUN_0042d250@8            1002ce40 f   E2Recomp_recon.obj
 0001:0002c010       @FUN_0042d36c@8            1002d010 f   E2Recomp_recon.obj
 0001:0002c210       @FUN_0042d46c@8            1002d210 f   E2Recomp_recon.obj
 0001:0002c3d0       _FUN_0042d554              1002d3d0 f   E2Recomp_recon.obj
 0001:0002c4f0       _FUN_0042d61c              1002d4f0 f   E2Recomp_recon.obj
 0001:0002c620       _FUN_0042d72c              1002d620 f   E2Recomp_recon.obj
 0001:0002c720       _FUN_0042d7c0              1002d720 f   E2Recomp_recon.obj
 0001:0002c810       _FUN_0042d860              1002d810 f   E2Recomp_recon.obj
 0001:0002c980       _FUN_0042d948              1002d980 f   E2Recomp_recon.obj
 0001:0002cc80       @FUN_0042db74@8            1002dc80 f   E2Recomp_recon.obj
 0001:0002ce50       @FUN_0042dc9c@8            1002de50 f   E2Recomp_recon.obj
 0001:0002d160       _FUN_0042deb8              1002e160 f   E2Recomp_recon.obj
 0001:0002d620       @FUN_0042e684@8            1002e620 f   E2Recomp_recon.obj
 0001:0002d840       @FUN_0042e7dc@8            1002e840 f   E2Recomp_recon.obj
 0001:0002db80       @FUN_0042ea00@8            1002eb80 f   E2Recomp_recon.obj
 0001:0002e0a0       @FUN_0042ed6c@8            1002f0a0 f   E2Recomp_recon.obj
 0001:0002e440       _FUN_0042efdc              1002f440 f   E2Recomp_recon.obj
 0001:0002eae0       @FUN_0042f49c@8            1002fae0 f   E2Recomp_recon.obj
 0001:0002f0f0       @FUN_0042f85c@8            100300f0 f   E2Recomp_recon.obj
 0001:0002f2a0       @FUN_0042f9c0@12           100302a0 f   E2Recomp_recon.obj
 0001:0002f470       _FUN_0042faf8              10030470 f   E2Recomp_recon.obj
 0001:0002f610       @FUN_0042fc84@8            10030610 f   E2Recomp_recon.obj
 0001:0002f760       @FUN_0042fce0@12           10030760 f   E2Recomp_recon.obj
 0001:0002f9d0       @FUN_00430568@8            100309d0 f   E2Recomp_recon.obj
 0001:0002fa30       @FUN_0043059c@8            10030a30 f   E2Recomp_recon.obj
 0001:0002fa70       @FUN_004305b8@8            10030a70 f   E2Recomp_recon.obj
 0001:0002fbf0       @FUN_004307d0@8            10030bf0 f   E2Recomp_recon.obj
 0001:00030350       @FUN_00430fd8@8            10031350 f   E2Recomp_recon.obj
 0001:00030b90       @FUN_00431a7c@8            10031b90 f   E2Recomp_recon.obj
 0001:00031e00       @FUN_00432c64@8            10032e00 f   E2Recomp_recon.obj
 0001:000320d0       _FUN_00432de4              100330d0 f   E2Recomp_recon.obj
 0001:00032120       _FUN_00432e08              10033120 f   E2Recomp_recon.obj
 0001:00032240       _FUN_00432ecc              10033240 f   E2Recomp_recon.obj
 0001:00032990       @FUN_00433d30@8            10033990 f   E2Recomp_recon.obj
 0001:00032b90       @FUN_00433e9c@8            10033b90 f   E2Recomp_recon.obj
 0001:00034160       @FUN_0043574c@8            10035160 f   E2Recomp_recon.obj
 0001:0003bc80       @FUN_00437ae4@8            1003cc80 f   E2Recomp_recon.obj
 0001:0003d270       _FUN_00439220              1003e270 f   E2Recomp_recon.obj
 0001:0003d450       _FUN_00439408              1003e450 f   E2Recomp_recon.obj
 0001:0003d630       _FUN_0043a1fc              1003e630 f   E2Recomp_recon.obj
 0001:0003d8c0       @FUN_0043a39c@8            1003e8c0 f   E2Recomp_recon.obj
 0001:0003dd90       @FUN_0043a6e0@8            1003ed90 f   E2Recomp_recon.obj
 0001:0003de40       @FUN_0043a800@8            1003ee40 f   E2Recomp_recon.obj
 0001:0003e030       _FUN_0043a8f8              1003f030 f   E2Recomp_recon.obj
 0001:0003e160       _FUN_0043a9a8              1003f160 f   E2Recomp_recon.obj
 0001:0003e200       _FUN_0043aa14              1003f200 f   E2Recomp_recon.obj
 0001:0003e2b0       _FUN_0043aa98              1003f2b0 f   E2Recomp_recon.obj
 0001:0003e370       _FUN_0043ab38              1003f370 f   E2Recomp_recon.obj
 0001:0003e3c0       @FUN_0043ab74@8            1003f3c0 f   E2Recomp_recon.obj
 0001:0003e570       _FUN_0043ac60              1003f570 f   E2Recomp_recon.obj
 0001:0003e610       _FUN_0043acec              1003f610 f   E2Recomp_recon.obj
 0001:0003e6f0       _FUN_0043adc0              1003f6f0 f   E2Recomp_recon.obj
 0001:0003e800       _FUN_0043aeac              1003f800 f   E2Recomp_recon.obj
 0001:0003e980       _FUN_0043af98              1003f980 f   E2Recomp_recon.obj
 0001:0003ebc0       @FUN_0043b384@8            1003fbc0 f   E2Recomp_recon.obj
 0001:0003f2c0       @FUN_0043b708@8            100402c0 f   E2Recomp_recon.obj
 0001:0003f680       @FUN_0043b96c@4            10040680 f   E2Recomp_recon.obj
 0001:0003f700       @FUN_0043b9bc@8            10040700 f   E2Recomp_recon.obj
 0001:0003fc40       @FUN_0043bd4c@8            10040c40 f   E2Recomp_recon.obj
 0001:00040520       @FUN_0043c1b8@8            10041520 f   E2Recomp_recon.obj
 0001:00040d10       @FUN_0043c910@8            10041d10 f   E2Recomp_recon.obj
 0001:00040e30       @FUN_0043c998@8            10041e30 f   E2Recomp_recon.obj
 0001:00040f90       @FUN_0043ca84@4            10041f90 f   E2Recomp_recon.obj
 0001:00040fc0       @FUN_0043cac0@8            10041fc0 f   E2Recomp_recon.obj
 0001:00041240       @FUN_0043cbb4@4            10042240 f   E2Recomp_recon.obj
 0001:00041270       @FUN_0043cbd0@4            10042270 f   E2Recomp_recon.obj
 0001:000412a0       @FUN_0043cbf0@8            100422a0 f   E2Recomp_recon.obj
 0001:000413d0       @FUN_0043ccc8@8            100423d0 f   E2Recomp_recon.obj
 0001:00041520       @FUN_0043ce58@8            10042520 f   E2Recomp_recon.obj
 0001:000420c0       @FUN_0043d4e8@4            100430c0 f   E2Recomp_recon.obj
 0001:000422c0       _FUN_0043d8ec              100432c0 f   E2Recomp_recon.obj
 0001:00042310       _FUN_0043d934              10043310 f   E2Recomp_recon.obj
 0001:000423a0       _FUN_0043d9a0              100433a0 f   E2Recomp_recon.obj
 0001:00042420       _FUN_0043da04              10043420 f   E2Recomp_recon.obj
 0001:000424a0       _FUN_0043da80              100434a0 f   E2Recomp_recon.obj
 0001:00042520       @FUN_0043db00@8            10043520 f   E2Recomp_recon.obj
 0001:00044720       @FUN_0043eb98@8            10045720 f   E2Recomp_recon.obj
 0001:00044c40       @FUN_0043ef3c@8            10045c40 f   E2Recomp_recon.obj
 0001:000451a0       @FUN_0043f300@8            100461a0 f   E2Recomp_recon.obj
 0001:00045920       @FUN_0043fcf0@8            10046920 f   E2Recomp_recon.obj
 0001:00045a20       _FUN_0043fdc4              10046a20 f   E2Recomp_recon.obj
 0001:00045a90       @FUN_0043fe24@28           10046a90 f   E2Recomp_recon.obj
 0001:00045b70       _FUN_0043fea4              10046b70 f   E2Recomp_recon.obj
 0001:000467c0       @FUN_004412f8@4            100477c0 f   E2Recomp_recon.obj
 0001:000467e0       @FUN_00441370@8            100477e0 f   E2Recomp_recon.obj
 0001:00046830       @FUN_004413fc@8            10047830 f   E2Recomp_recon.obj
 0001:00046960       @FUN_00441444@8            10047960 f   E2Recomp_recon.obj
 0001:000469c0       _FUN_0044146c              100479c0 f   E2Recomp_recon.obj
 0001:00046a60       _FUN_004414c4              10047a60 f   E2Recomp_recon.obj
 0001:00046c20       @FUN_00441600@8            10047c20 f   E2Recomp_recon.obj
 0001:00046c50       @FUN_00441678@8            10047c50 f   E2Recomp_recon.obj
 0001:00046d80       @FUN_00441890@8            10047d80 f   E2Recomp_recon.obj
 0001:00046eb0       @FUN_004418fc@8            10047eb0 f   E2Recomp_recon.obj
 0001:00046f80       @FUN_00441958@8            10047f80 f   E2Recomp_recon.obj
 0001:00047050       @FUN_00441a10@8            10048050 f   E2Recomp_recon.obj
 0001:00047120       @FUN_00441a6c@8            10048120 f   E2Recomp_recon.obj
 0001:000471f0       @FUN_00441ac8@8            100481f0 f   E2Recomp_recon.obj
 0001:000472c0       @FUN_00441b24@8            100482c0 f   E2Recomp_recon.obj
 0001:00047480       @FUN_00441e38@8            10048480 f   E2Recomp_recon.obj
 0001:000475b0       @FUN_00441ea4@8            100485b0 f   E2Recomp_recon.obj
 0001:00047680       @FUN_00441f00@8            10048680 f   E2Recomp_recon.obj
 0001:00047750       @FUN_00442128@8            10048750 f   E2Recomp_recon.obj
 0001:00047880       @FUN_00442420@8            10048880 f   E2Recomp_recon.obj
 0001:000479b0       @FUN_0044248c@8            100489b0 f   E2Recomp_recon.obj
 0001:00047ae0       @FUN_00442564@8            10048ae0 f   E2Recomp_recon.obj
 0001:00047ca0       @FUN_00442728@8            10048ca0 f   E2Recomp_recon.obj
 0001:00047dd0       @FUN_004427f0@8            10048dd0 f   E2Recomp_recon.obj
 0001:00047f00       _FUN_00442880              10048f00 f   E2Recomp_recon.obj
 0001:00048050       _FUN_00442954              10049050 f   E2Recomp_recon.obj
 0001:00048130       _FUN_004429e0              10049130 f   E2Recomp_recon.obj
 0001:000481a0       _FUN_00442ca4              100491a0 f   E2Recomp_recon.obj
 0001:000484a0       _FUN_00443344              100494a0 f   E2Recomp_recon.obj
 0001:000486b0       @FUN_00443598@8            100496b0 f   E2Recomp_recon.obj
 0001:00048760       @FUN_004435e8@8            10049760 f   E2Recomp_recon.obj
 0001:00048b60       @FUN_004437f0@8            10049b60 f   E2Recomp_recon.obj
 0001:00048ce0       @FUN_00443dbc@8            10049ce0 f   E2Recomp_recon.obj
 0001:00048e20       @FUN_00444330@4            10049e20 f   E2Recomp_recon.obj
 0001:000493d0       @FUN_00444668@8            1004a3d0 f   E2Recomp_recon.obj
 0001:00049800       _FUN_00444840              1004a800 f   E2Recomp_recon.obj
 0001:00049910       @FUN_004448e4@8            1004a910 f   E2Recomp_recon.obj
 0001:0004a030       @FUN_00444c10@8            1004b030 f   E2Recomp_recon.obj
 0001:0004aa00       @FUN_00445000@8            1004ba00 f   E2Recomp_recon.obj
 0001:0004ae90       @FUN_004451a8@8            1004be90 f   E2Recomp_recon.obj
 0001:0004b220       @FUN_004452e0@8            1004c220 f   E2Recomp_recon.obj
 0001:0004b2c0       @FUN_00445330@4            1004c2c0 f   E2Recomp_recon.obj
 0001:0004b300       _FUN_0044535c              1004c300 f   E2Recomp_recon.obj
 0001:0004b340       @FUN_00445378@8            1004c340 f   E2Recomp_recon.obj
 0001:0004b390       @FUN_004453a4@8            1004c390 f   E2Recomp_recon.obj
 0001:0004f170       @FUN_004465dc@8            10050170 f   E2Recomp_recon.obj
 0001:0004f380       @FUN_004466c4@8            10050380 f   E2Recomp_recon.obj
 0001:0004f570       @FUN_0044679c@8            10050570 f   E2Recomp_recon.obj
 0001:0004f760       @FUN_00446874@8            10050760 f   E2Recomp_recon.obj
 0001:0004f950       @FUN_0044694c@8            10050950 f   E2Recomp_recon.obj
 0001:0004fb40       @FUN_00446a24@8            10050b40 f   E2Recomp_recon.obj
 0001:0004fd30       @FUN_00446afc@8            10050d30 f   E2Recomp_recon.obj
 0001:0004ff20       @FUN_00446bd4@8            10050f20 f   E2Recomp_recon.obj
 0001:00050110       @FUN_00446cac@8            10051110 f   E2Recomp_recon.obj
 0001:00050300       @FUN_00446d84@8            10051300 f   E2Recomp_recon.obj
 0001:00050510       @FUN_00446e6c@8            10051510 f   E2Recomp_recon.obj
 0001:00050720       _FUN_00447090              10051720 f   E2Recomp_recon.obj
 0001:00051160       @FUN_00447638@4            10052160 f   E2Recomp_recon.obj
 0001:00052340       @FUN_00447d94@8            10053340 f   E2Recomp_recon.obj
 0001:00052640       _FUN_004486d8              10053640 f   E2Recomp_recon.obj
 0001:000526a0       @FUN_00448744@8            100536a0 f   E2Recomp_recon.obj
 0001:000528d0       @FUN_004488a4@8            100538d0 f   E2Recomp_recon.obj
 0001:00052b00       @FUN_00448a3c@8            10053b00 f   E2Recomp_recon.obj
 0001:00052b20       @FUN_00448a48@8            10053b20 f   E2Recomp_recon.obj
 0001:00052d40       @FUN_00448be0@8            10053d40 f   E2Recomp_recon.obj
 0001:00052db0       @FUN_00448c1c@8            10053db0 f   E2Recomp_recon.obj
 0001:00052ec0       @FUN_00448cb4@8            10053ec0 f   E2Recomp_recon.obj
 0001:00053c60       _FUN_004495e0              10054c60 f   E2Recomp_recon.obj
 0001:00053d40       @FUN_00449680@8            10054d40 f   E2Recomp_recon.obj
 0001:00054080       _FUN_00449b30              10055080 f   E2Recomp_recon.obj
 0001:000540a0       @FUN_00449b4c@8            100550a0 f   E2Recomp_recon.obj
 0001:000547c0       @FUN_0044a178@8            100557c0 f   E2Recomp_recon.obj
 0001:00054900       @FUN_0044a318@8            10055900 f   E2Recomp_recon.obj
 0001:00055ec0       @FUN_0044add8@8            10056ec0 f   E2Recomp_recon.obj
 0001:00056580       @FUN_0044b0ac@8            10057580 f   E2Recomp_recon.obj
 0001:00056f20       _FUN_0044be20              10057f20 f   E2Recomp_recon.obj
 0001:00057380       @FUN_0044c164@4            10058380 f   E2Recomp_recon.obj
 0001:00057470       @FUN_0044c224@4            10058470 f   E2Recomp_recon.obj
 0001:00057850       _FUN_0044c4e4              10058850 f   E2Recomp_recon.obj
 0001:00057af0       _FUN_0044c6bc              10058af0 f   E2Recomp_recon.obj
 0001:00057b80       _FUN_0044c71c              10058b80 f   E2Recomp_recon.obj
 0001:000588d0       @FUN_0044d28c@8            100598d0 f   E2Recomp_recon.obj
 0001:00058940       @FUN_0044d2b4@4            10059940 f   E2Recomp_recon.obj
 0001:00058a50       @FUN_0044d34c@4            10059a50 f   E2Recomp_recon.obj
 0001:00058b50       _FUN_0044d3e8              10059b50 f   E2Recomp_recon.obj
 0001:00058c80       @FUN_0044d4b4@4            10059c80 f   E2Recomp_recon.obj
 0001:00058e60       @FUN_0044d608@8            10059e60 f   E2Recomp_recon.obj
 0001:00058ec0       _FUN_0044d634              10059ec0 f   E2Recomp_recon.obj
 0001:000593f0       @FUN_0044db80@8            1005a3f0 f   E2Recomp_recon.obj
 0001:000594d0       @FUN_0044dca4@8            1005a4d0 f   E2Recomp_recon.obj
 0001:00059cf0       _FUN_0044e238              1005acf0 f   E2Recomp_recon.obj
 0001:00059f10       _FUN_0044e354              1005af10 f   E2Recomp_recon.obj
 0001:0005a2c0       _FUN_0044e5b0              1005b2c0 f   E2Recomp_recon.obj
 0001:0005a340       _FUN_0044e74c              1005b340 f   E2Recomp_recon.obj
 0001:0005a3e0       _FUN_0044e7a4              1005b3e0 f   E2Recomp_recon.obj
 0001:0005a4a0       @FUN_0044e810@16           1005b4a0 f   E2Recomp_recon.obj
 0001:0005b860       _FUN_0044f2fc              1005c860 f   E2Recomp_recon.obj
 0001:0005b880       _FUN_0044f310              1005c880 f   E2Recomp_recon.obj
 0001:0005b8a0       @FUN_0044f320@8            1005c8a0 f   E2Recomp_recon.obj
 0001:0005b8c0       @FUN_0044f32c@12           1005c8c0 f   E2Recomp_recon.obj
 0001:0005b8f0       @FUN_0044f508@12           1005c8f0 f   E2Recomp_recon.obj
 0001:0005ead0       @FUN_0045186c@8            1005fad0 f   E2Recomp_recon.obj
 0001:0005eb10       @FUN_00451880@8            1005fb10 f   E2Recomp_recon.obj
 0001:0005ec50       @FUN_0045190c@8            1005fc50 f   E2Recomp_recon.obj
 0001:0005ed40       @FUN_00451998@8            1005fd40 f   E2Recomp_recon.obj
 0001:0005ee60       @FUN_00451a54@8            1005fe60 f   E2Recomp_recon.obj
 0001:0005f040       _FUN_00451bc4              10060040 f   E2Recomp_recon.obj
 0001:0005f100       @FUN_00451c8c@8            10060100 f   E2Recomp_recon.obj
 0001:0005f220       @FUN_00451d88@8            10060220 f   E2Recomp_recon.obj
 0001:0005f340       @FUN_00451e84@8            10060340 f   E2Recomp_recon.obj
 0001:0005f470       _FUN_00451f5c              10060470 f   E2Recomp_recon.obj
 0001:0005f750       @FUN_00452140@4            10060750 f   E2Recomp_recon.obj
 0001:0005fa90       @FUN_0045233c@8            10060a90 f   E2Recomp_recon.obj
 0001:0005fb90       _FUN_004523f0              10060b90 f   E2Recomp_recon.obj
 0001:0005fba0       _FUN_004523f8              10060ba0 f   E2Recomp_recon.obj
 0001:0005fea0       @FUN_004525f0@8            10060ea0 f   E2Recomp_recon.obj
 0001:0005ffd0       _FUN_004526cc              10060fd0 f   E2Recomp_recon.obj
 0001:00060010       _FUN_004526e4              10061010 f   E2Recomp_recon.obj
 0001:00060090       @FUN_00452738@8            10061090 f   E2Recomp_recon.obj
 0001:000601f0       @FUN_0045282c@8            100611f0 f   E2Recomp_recon.obj
 0001:00060450       @FUN_00452958@8            10061450 f   E2Recomp_recon.obj
 0001:000604e0       @FUN_00452994@8            100614e0 f   E2Recomp_recon.obj
 0001:00060640       @FUN_00452a58@8            10061640 f   E2Recomp_recon.obj
 0001:000606d0       _FUN_00452a94              100616d0 f   E2Recomp_recon.obj
 0001:00060870       @FUN_00452b70@8            10061870 f   E2Recomp_recon.obj
 0001:000609f0       @FUN_00452c70@8            100619f0 f   E2Recomp_recon.obj
 0001:00060b20       @FUN_00452d3c@4            10061b20 f   E2Recomp_recon.obj
 0001:00060da0       @FUN_00452ebc@8            10061da0 f   E2Recomp_recon.obj
 0001:00060e50       @FUN_00452f18@8            10061e50 f   E2Recomp_recon.obj
 0001:00060fe0       @FUN_00452fe8@8            10061fe0 f   E2Recomp_recon.obj
 0001:00061110       @FUN_0045307c@8            10062110 f   E2Recomp_recon.obj
 0001:00061240       @FUN_0045311c@8            10062240 f   E2Recomp_recon.obj
 0001:00061370       @FUN_004531bc@8            10062370 f   E2Recomp_recon.obj
 0001:00061410       @FUN_00453210@8            10062410 f   E2Recomp_recon.obj
 0001:000614b0       _FUN_00453264              100624b0 f   E2Recomp_recon.obj
 0001:000614d0       @FUN_0045326c@8            100624d0 f   E2Recomp_recon.obj
 0001:00061550       @FUN_0045328c@8            10062550 f   E2Recomp_recon.obj
 0001:000616c0       _FUN_00453330              100626c0 f   E2Recomp_recon.obj
 0001:000616e0       @FUN_00453338@8            100626e0 f   E2Recomp_recon.obj
 0001:00061830       _FUN_004533a4              10062830 f   E2Recomp_recon.obj
 0001:00061840       @FUN_004533ac@8            10062840 f   E2Recomp_recon.obj
 0001:00061970       @FUN_00453414@8            10062970 f   E2Recomp_recon.obj
 0001:00061b60       _FUN_00453508              10062b60 f   E2Recomp_recon.obj
 0001:00061b80       @FUN_00453510@8            10062b80 f   E2Recomp_recon.obj
 0001:00061cd0       _FUN_0045357c              10062cd0 f   E2Recomp_recon.obj
 0001:00061cf0       @FUN_00453588@8            10062cf0 f   E2Recomp_recon.obj
 0001:00061e40       _FUN_004535f4              10062e40 f   E2Recomp_recon.obj
 0001:00061e60       @FUN_00453600@8            10062e60 f   E2Recomp_recon.obj
 0001:00061fb0       _FUN_0045366c              10062fb0 f   E2Recomp_recon.obj
 0001:00061fd0       @FUN_00453674@8            10062fd0 f   E2Recomp_recon.obj
 0001:00062120       @FUN_004536e0@8            10063120 f   E2Recomp_recon.obj
 0001:00062270       _FUN_0045374c              10063270 f   E2Recomp_recon.obj
 0001:00062280       @FUN_00453754@8            10063280 f   E2Recomp_recon.obj
 0001:000623b0       @FUN_004537bc@4            100633b0 f   E2Recomp_recon.obj
 0001:00062400       @FUN_004537d8@8            10063400 f   E2Recomp_recon.obj
 0001:00062550       @FUN_0045384c@8            10063550 f   E2Recomp_recon.obj
 0001:000626a0       _FUN_004538b8              100636a0 f   E2Recomp_recon.obj
 0001:000626c0       @FUN_004538c0@8            100636c0 f   E2Recomp_recon.obj
 0001:000627a0       @FUN_00453920@8            100637a0 f   E2Recomp_recon.obj
 0001:00063a30       @FUN_004544a4@8            10064a30 f   E2Recomp_recon.obj
 0001:00065f80       @FUN_00454fe4@8            10066f80 f   E2Recomp_recon.obj
 0001:00065ff0       _FUN_00455034              10066ff0 f   E2Recomp_recon.obj
 0001:00066080       _FUN_00455094              10067080 f   E2Recomp_recon.obj
 0001:00066310       _FUN_00455294              10067310 f   E2Recomp_recon.obj
 0001:00066520       @FUN_004554cc@8            10067520 f   E2Recomp_recon.obj
 0001:00066710       @FUN_004555b0@8            10067710 f   E2Recomp_recon.obj
 0001:00066c90       @FUN_00455850@8            10067c90 f   E2Recomp_recon.obj
 0001:00066e20       _FUN_00455940              10067e20 f   E2Recomp_recon.obj
 0001:00066ee0       _FUN_004559bc              10067ee0 f   E2Recomp_recon.obj
 0001:00067270       _FUN_00455e84              10068270 f   E2Recomp_recon.obj
 0001:00067340       @FUN_00455fe8@4            10068340 f   E2Recomp_recon.obj
 0001:000675b0       @FUN_004561c8@8            100685b0 f   E2Recomp_recon.obj
 0001:00067f30       @FUN_00456874@8            10068f30 f   E2Recomp_recon.obj
 0001:00068000       @FUN_00456924@8            10069000 f   E2Recomp_recon.obj
 0001:000681e0       _FUN_00456a3c              100691e0 f   E2Recomp_recon.obj
 0001:00068750       _FUN_00456f94              10069750 f   E2Recomp_recon.obj
 0001:00068ad0       _FUN_00457410              10069ad0 f   E2Recomp_recon.obj
 0001:00068ce0       _FUN_004575c4              10069ce0 f   E2Recomp_recon.obj
 0001:00069080       @FUN_00457780@8            1006a080 f   E2Recomp_recon.obj
 0001:00069170       @FUN_00457818@8            1006a170 f   E2Recomp_recon.obj
 0001:000692f0       _FUN_00457994              1006a2f0 f   E2Recomp_recon.obj
 0001:000693f0       _FUN_00457a34              1006a3f0 f   E2Recomp_recon.obj
 0001:00069510       @FUN_00457cf0@8            1006a510 f   E2Recomp_recon.obj
 0001:000696f0       @FUN_00457fe0@8            1006a6f0 f   E2Recomp_recon.obj
 0001:00069810       @FUN_00458094@8            1006a810 f   E2Recomp_recon.obj
 0001:00069890       _FUN_004580d0              1006a890 f   E2Recomp_recon.obj
 0001:000698f0       _FUN_00458714              1006a8f0 f   E2Recomp_recon.obj
 0001:00069c30       @FUN_00458984@8            1006ac30 f   E2Recomp_recon.obj
 0001:00069e90       @FUN_00458bac@8            1006ae90 f   E2Recomp_recon.obj
 0001:00069eb0       _FUN_00458bd0              1006aeb0 f   E2Recomp_recon.obj
 0001:00069ed0       @FUN_00458bec@8            1006aed0 f   E2Recomp_recon.obj
 0001:00069f50       @FUN_00458c24@8            1006af50 f   E2Recomp_recon.obj
 0001:0006a0e0       @FUN_00458d18@8            1006b0e0 f   E2Recomp_recon.obj
 0001:0006a350       @FUN_00458e7c@8            1006b350 f   E2Recomp_recon.obj
 0001:0006a7f0       @FUN_00459190@8            1006b7f0 f   E2Recomp_recon.obj
 0001:0006a890       @FUN_00459214@24           1006b890 f   E2Recomp_recon.obj
 0001:0006a9b0       @FUN_00459304@8            1006b9b0 f   E2Recomp_recon.obj
 0001:0006ab50       @FUN_00459440@8            1006bb50 f   E2Recomp_recon.obj
 0001:0006abe0       _FUN_004594a0              1006bbe0 f   E2Recomp_recon.obj
 0001:0006af70       _FUN_004597dc              1006bf70 f   E2Recomp_recon.obj
 0001:0006b040       _FUN_004598a0              1006c040 f   E2Recomp_recon.obj
 0001:0006b060       _FUN_004598b4              1006c060 f   E2Recomp_recon.obj
 0001:0006b080       _FUN_004598c8              1006c080 f   E2Recomp_recon.obj
 0001:0006b230       _FUN_004599fc              1006c230 f   E2Recomp_recon.obj
 0001:0006b3c0       @FUN_00459b48@4            1006c3c0 f   E2Recomp_recon.obj
 0001:0006b7f0       _FUN_00459e28              1006c7f0 f   E2Recomp_recon.obj
 0001:0006bb30       @FUN_00459fc8@8            1006cb30 f   E2Recomp_recon.obj
 0001:0006bbc0       @FUN_0045a014@12           1006cbc0 f   E2Recomp_recon.obj
 0001:0006ca90       @FUN_0045ab18@8            1006da90 f   E2Recomp_recon.obj
 0001:0006cbf0       @FUN_0045abdc@8            1006dbf0 f   E2Recomp_recon.obj
 0001:0006ce50       @FUN_0045adc4@8            1006de50 f   E2Recomp_recon.obj
 0001:0006cf50       @FUN_0045aeb0@8            1006df50 f   E2Recomp_recon.obj
 0001:0006cfe0       _FUN_0045af0c              1006dfe0 f   E2Recomp_recon.obj
 0001:0006d080       _FUN_0045af7c              1006e080 f   E2Recomp_recon.obj
 0001:0006d190       @FUN_0045b04c@8            1006e190 f   E2Recomp_recon.obj
 0001:0006d530       _FUN_0045b2a8              1006e530 f   E2Recomp_recon.obj
 0001:0006d890       @FUN_0045b3fc@8            1006e890 f   E2Recomp_recon.obj
 0001:0006d990       @FUN_0045b4a0@8            1006e990 f   E2Recomp_recon.obj
 0001:0006da00       _FUN_0045b51c              1006ea00 f   E2Recomp_recon.obj
 0001:0006dab0       _FUN_0045b5e8              1006eab0 f   E2Recomp_recon.obj
 0001:0006db50       _FUN_0045b6ec              1006eb50 f   E2Recomp_recon.obj
 0001:0006dd70       _FUN_0045b8f4              1006ed70 f   E2Recomp_recon.obj
 0001:0006df70       @FUN_0045bac4@8            1006ef70 f   E2Recomp_recon.obj
 0001:0006e0c0       @FUN_0045bb6c@8            1006f0c0 f   E2Recomp_recon.obj
 0001:0006e230       _FUN_0045be50              1006f230 f   E2Recomp_recon.obj
 0001:0006e330       @FUN_0045bed0@8            1006f330 f   E2Recomp_recon.obj
 0001:0006e5c0       @FUN_0045c070@8            1006f5c0 f   E2Recomp_recon.obj
 0001:0006e610       @FUN_0045c0a0@12           1006f610 f   E2Recomp_recon.obj
 0001:0006e750       @FUN_0045c594@12           1006f750 f   E2Recomp_recon.obj
 0001:0006e860       _FUN_0045cbbe              1006f860 f   E2Recomp_recon.obj
 0001:0006e870       _FUN_0045cd7a              1006f870 f   E2Recomp_recon.obj
 0001:0006e880       _FUN_0045cd95              1006f880 f   E2Recomp_recon.obj
 0001:0006e890       @FUN_0045ce94@4            1006f890 f   E2Recomp_recon.obj
 0001:0006e8f0       @FUN_0045cebf@4            1006f8f0 f   E2Recomp_recon.obj
 0001:0006e980       _FUN_0045cef4              1006f980 f   E2Recomp_recon.obj
 0001:0006e9d0       _FUN_0045cf02              1006f9d0 f   E2Recomp_recon.obj
 0001:0006ea20       _FUN_0045cf10              1006fa20 f   E2Recomp_recon.obj
 0001:0006ea60       _FUN_0045cf23              1006fa60 f   E2Recomp_recon.obj
 0001:0006ea80       _FUN_0045cf2e              1006fa80 f   E2Recomp_recon.obj
 0001:0006eab0       @FUN_0045cf39@8            1006fab0 f   E2Recomp_recon.obj
 0001:0006eb60       _FUN_0045cfaa              1006fb60 f   E2Recomp_recon.obj
 0001:0006ec70       @FUN_0045d10e@8            1006fc70 f   E2Recomp_recon.obj
 0001:0006ed20       @FUN_0045d2cc@8            1006fd20 f   E2Recomp_recon.obj
 0001:0006ede0       @FUN_0045d482@8            1006fde0 f   E2Recomp_recon.obj
 0001:0006ee80       @FUN_0045d5f8@8            1006fe80 f   E2Recomp_recon.obj
 0001:0006ef10       @FUN_0045d739@8            1006ff10 f   E2Recomp_recon.obj
 0001:0006efd0       @FUN_0045d7c4@8            1006ffd0 f   E2Recomp_recon.obj
 0001:0006f080       @FUN_0045d839@8            10070080 f   E2Recomp_recon.obj
 0001:0006f110       @FUN_0045d903@8            10070110 f   E2Recomp_recon.obj
 0001:0006f1a0       @FUN_0045d92a@8            100701a0 f   E2Recomp_recon.obj
 0001:0006f230       @FUN_0045dab9@8            10070230 f   E2Recomp_recon.obj
 0001:0006f2c0       _FUN_0045db21              100702c0 f   E2Recomp_recon.obj
 0001:0006f3b0       @FUN_0045dbba@8            100703b0 f   E2Recomp_recon.obj
 0001:0006f430       _FUN_0045dd04              10070430 f   E2Recomp_recon.obj
 0001:0006f7b0       _FUN_0045de8b              100707b0 f   E2Recomp_recon.obj
 0001:0006f8e0       _FUN_0045df96              100708e0 f   E2Recomp_recon.obj
 0001:0006fa50       _FUN_0045dff3              10070a50 f   E2Recomp_recon.obj
 0001:0006fc40       @FUN_0045e54d@8            10070c40 f   E2Recomp_recon.obj
 0001:0006fce0       @FUN_0045e594@20           10070ce0 f   E2Recomp_recon.obj
 0001:0006fd30       @FUN_0045e5b8@24           10070d30 f   E2Recomp_recon.obj
 0001:00070010       @FUN_0045e76f@8            10071010 f   E2Recomp_recon.obj
 0001:00070220       @FUN_0045e8e6@8            10071220 f   E2Recomp_recon.obj
 0001:00070270       @FUN_0045e90e@8            10071270 f   E2Recomp_recon.obj
 0001:000702e0       @FUN_0045e937@8            100712e0 f   E2Recomp_recon.obj
 0001:000704c0       _FUN_0045ea08              100714c0 f   E2Recomp_recon.obj
 0001:00070650       @FUN_0045eacc@8            10071650 f   E2Recomp_recon.obj
 0001:000706c0       @FUN_0045eb05@8            100716c0 f   E2Recomp_recon.obj
 0001:000706e0       _FUN_0045ebf1              100716e0 f   E2Recomp_recon.obj
 0001:00070840       @FUN_0045ec6c@8            10071840 f   E2Recomp_recon.obj
 0001:000708d0       @FUN_0045eca5@8            100718d0 f   E2Recomp_recon.obj
 0001:00070900       _FUN_0045ecba              10071900 f   E2Recomp_recon.obj
 0001:00070930       _FUN_0045ecc6              10071930 f   E2Recomp_recon.obj
 0001:000709b0       @FUN_0045ed2b@8            100719b0 f   E2Recomp_recon.obj
 0001:00070ac0       @FUN_0045edd6@8            10071ac0 f   E2Recomp_recon.obj
 0001:00070f40       _FUN_0045f0a1              10071f40 f   E2Recomp_recon.obj
 0001:00070f70       @FUN_0045f0d1@8            10071f70 f   E2Recomp_recon.obj
 0001:00071110       @FUN_0045f1c0@8            10072110 f   E2Recomp_recon.obj
 0001:000711a0       @FUN_0045f1ff@8            100721a0 f   E2Recomp_recon.obj
 0001:000711e0       @thunk_FUN_004620db@8      100721e0 f   E2Recomp_recon.obj
 0001:00071210       @FUN_0045f21d@8            10072210 f   E2Recomp_recon.obj
 0001:00071250       @FUN_0045f225@8            10072250 f   E2Recomp_recon.obj
 0001:00071280       @FUN_0045f22f@8            10072280 f   E2Recomp_recon.obj
 0001:000712f0       @FUN_0045f254@8            100722f0 f   E2Recomp_recon.obj
 0001:000713a0       @FUN_0045f296@8            100723a0 f   E2Recomp_recon.obj
 0001:00071520       @FUN_0045f38a@8            10072520 f   E2Recomp_recon.obj
 0001:000716e0       @FUN_0045f428@8            100726e0 f   E2Recomp_recon.obj
 0001:00071780       @FUN_0045f457@8            10072780 f   E2Recomp_recon.obj
 0001:00071950       _FUN_0045f503              10072950 f   E2Recomp_recon.obj
 0001:00071970       _FUN_0045f517              10072970 f   E2Recomp_recon.obj
 0001:00071980       @FUN_0045f518@8            10072980 f   E2Recomp_recon.obj
 0001:000719b0       @FUN_0045f530@8            100729b0 f   E2Recomp_recon.obj
 0001:00071a10       _FUN_0045f556              10072a10 f   E2Recomp_recon.obj
 0001:00071a40       @FUN_0045f574@8            10072a40 f   E2Recomp_recon.obj
 0001:00071a90       _FUN_0045f5d6              10072a90 f   E2Recomp_recon.obj
 0001:00071c60       @FUN_0045f699@8            10072c60 f   E2Recomp_recon.obj
 0001:00071d30       @FUN_0045f6fa@8            10072d30 f   E2Recomp_recon.obj
 0001:00071ff0       @FUN_0045f860@8            10072ff0 f   E2Recomp_recon.obj
 0001:00072010       @FUN_0045f867@8            10073010 f   E2Recomp_recon.obj
 0001:00072030       @FUN_0045f86f@8            10073030 f   E2Recomp_recon.obj
 0001:00072100       @FUN_0045f8d0@8            10073100 f   E2Recomp_recon.obj
 0001:00072150       @FUN_0045f8e8@8            10073150 f   E2Recomp_recon.obj
 0001:00072290       @FUN_0045f94d@8            10073290 f   E2Recomp_recon.obj
 0001:000723a0       _FUN_0045f9b5              100733a0 f   E2Recomp_recon.obj
 0001:000723b0       @FUN_0045fa43@8            100733b0 f   E2Recomp_recon.obj
 0001:00072470       @FUN_0045fa88@8            10073470 f   E2Recomp_recon.obj
 0001:00072570       @FUN_0045fae0@8            10073570 f   E2Recomp_recon.obj
 0001:000727e0       _FUN_0045fba5              100737e0 f   E2Recomp_recon.obj
 0001:00072820       _FUN_0045fbe2              10073820 f   E2Recomp_recon.obj
 0001:00072830       _FUN_0045fc05              10073830 f   E2Recomp_recon.obj
 0001:00072840       _FUN_0045fc06              10073840 f   E2Recomp_recon.obj
 0001:00072860       @FUN_0045fc10@8            10073860 f   E2Recomp_recon.obj
 0001:000728d0       _FUN_0045fc44              100738d0 f   E2Recomp_recon.obj
 0001:000728e0       @FUN_0045fc70@8            100738e0 f   E2Recomp_recon.obj
 0001:000728f0       @FUN_0045fca7@8            100738f0 f   E2Recomp_recon.obj
 0001:00072910       _FUN_0045fd13              10073910 f   E2Recomp_recon.obj
 0001:00072960       @FUN_0045fd2c@8            10073960 f   E2Recomp_recon.obj
 0001:000729e0       @FUN_0045fd4b@8            100739e0 f   E2Recomp_recon.obj
 0001:00072aa0       @FUN_0045fd93@8            10073aa0 f   E2Recomp_recon.obj
 0001:00072ae0       _FUN_0045fdc4              10073ae0 f   E2Recomp_recon.obj
 0001:00072c50       @FUN_0045fe5f@8            10073c50 f   E2Recomp_recon.obj
 0001:00072d30       @FUN_0045fed8@8            10073d30 f   E2Recomp_recon.obj
 0001:00072e60       @FUN_0045ff48@8            10073e60 f   E2Recomp_recon.obj
 0001:00072ec0       @FUN_0045ff63@8            10073ec0 f   E2Recomp_recon.obj
 0001:00073020       @FUN_0045fff0@8            10074020 f   E2Recomp_recon.obj
 0001:000730a0       @FUN_00460022@8            100740a0 f   E2Recomp_recon.obj
 0001:00073100       @FUN_0046003b@8            10074100 f   E2Recomp_recon.obj
 0001:000732e0       _FUN_004600b4              100742e0 f   E2Recomp_recon.obj
 0001:00073310       @thunk_FUN_00463144@8      10074310 f   E2Recomp_recon.obj
 0001:00073370       @FUN_004600d0@8            10074370 f   E2Recomp_recon.obj
 0001:000733d0       _FUN_004600e9              100743d0 f   E2Recomp_recon.obj
 0001:000733e0       @FUN_0046010a@8            100743e0 f   E2Recomp_recon.obj
 0001:00073550       @FUN_00460215@8            10074550 f   E2Recomp_recon.obj
 0001:00073610       _entry                     10074610 f   E2Recomp_recon.obj
 0001:00073630       @FUN_0046038c@8            10074630 f   E2Recomp_recon.obj
 0001:000736b0       @FUN_004603d1@8            100746b0 f   E2Recomp_recon.obj
 0001:000736d0       @FUN_004604e6@8            100746d0 f   E2Recomp_recon.obj
 0001:00073710       @FUN_0046050e@8            10074710 f   E2Recomp_recon.obj
 0001:00073790       @FUN_00460545@8            10074790 f   E2Recomp_recon.obj
 0001:000737d0       @FUN_00460557@8            100747d0 f   E2Recomp_recon.obj
 0001:00073810       @FUN_0046055c@8            10074810 f   E2Recomp_recon.obj
 0001:00073850       @FUN_0046056a@8            10074850 f   E2Recomp_recon.obj
 0001:00073870       @FUN_00460581@8            10074870 f   E2Recomp_recon.obj
 0001:000738b0       @FUN_004605bc@8            100748b0 f   E2Recomp_recon.obj
 0001:00073900       @FUN_004605e8@8            10074900 f   E2Recomp_recon.obj
 0001:00073960       _FUN_00460623              10074960 f   E2Recomp_recon.obj
 0001:00073970       _FUN_00460628              10074970 f   E2Recomp_recon.obj
 0001:00073980       @thunk_FUN_004603d1@8      10074980 f   E2Recomp_recon.obj
 0001:000739b0       @thunk_FUN_004604e6@8      100749b0 f   E2Recomp_recon.obj
 0001:000739d0       @FUN_00460633@8            100749d0 f   E2Recomp_recon.obj
 0001:00073bf0       @FUN_00460737@8            10074bf0 f   E2Recomp_recon.obj
 0001:00073c40       @FUN_00460779@8            10074c40 f   E2Recomp_recon.obj
 0001:00073c80       @FUN_004607a3@8            10074c80 f   E2Recomp_recon.obj
 0001:00073ce0       @FUN_004607f4@8            10074ce0 f   E2Recomp_recon.obj
 0001:00073d20       @FUN_00460803@8            10074d20 f   E2Recomp_recon.obj
 0001:00073d80       @FUN_00460844@8            10074d80 f   E2Recomp_recon.obj
 0001:00073e80       @FUN_00460899@8            10074e80 f   E2Recomp_recon.obj
 0001:00073eb0       _FUN_004608ae              10074eb0 f   E2Recomp_recon.obj
 0001:00073f00       @FUN_004608e8@8            10074f00 f   E2Recomp_recon.obj
 0001:00073fb0       _FUN_00460957              10074fb0 f   E2Recomp_recon.obj
 0001:00073fc0       @FUN_00460965@8            10074fc0 f   E2Recomp_recon.obj
 0001:00074160       _FUN_00460a1d              10075160 f   E2Recomp_recon.obj
 0001:000741e0       @FUN_00460a74@4            100751e0 f   E2Recomp_recon.obj
 0001:00074250       _FUN_00460aa6              10075250 f   E2Recomp_recon.obj
 0001:00074260       @FUN_00460ab0@8            10075260 f   E2Recomp_recon.obj
 0001:00074420       @FUN_00460b9a@8            10075420 f   E2Recomp_recon.obj
 0001:00074480       @FUN_00460bde@8            10075480 f   E2Recomp_recon.obj
 0001:00074520       @FUN_00460c1d@4            10075520 f   E2Recomp_recon.obj
 0001:00074770       @FUN_00460c2d@8            10075770 f   E2Recomp_recon.obj
 0001:000749a0       @FUN_00460f07@8            100759a0 f   E2Recomp_recon.obj
 0001:00074c40       @FUN_00461045@8            10075c40 f   E2Recomp_recon.obj
 0001:00074d10       _FUN_004610a4              10075d10 f   E2Recomp_recon.obj
 0001:00074d70       _FUN_004610c8              10075d70 f   E2Recomp_recon.obj
 0001:00074dd0       @FUN_004610eb@8            10075dd0 f   E2Recomp_recon.obj
 0001:00074eb0       @FUN_00461149@8            10075eb0 f   E2Recomp_recon.obj
 0001:00075080       _FUN_0046123e              10076080 f   E2Recomp_recon.obj
 0001:00075090       @FUN_00461245@8            10076090 f   E2Recomp_recon.obj
 0001:00075840       _FUN_0046172e              10076840 f   E2Recomp_recon.obj
 0001:00075870       @FUN_00461746@8            10076870 f   E2Recomp_recon.obj
 0001:00075ae0       _FUN_004617ee              10076ae0 f   E2Recomp_recon.obj
 0001:00075de0       @FUN_004618f9@8            10076de0 f   E2Recomp_recon.obj
 0001:00075f90       @FUN_0046196d@8            10076f90 f   E2Recomp_recon.obj
 0001:00076090       @FUN_004619f2@8            10077090 f   E2Recomp_recon.obj
 0001:000760d0       @FUN_00461a03@8            100770d0 f   E2Recomp_recon.obj
 0001:000761d0       _FUN_00461a4d              100771d0 f   E2Recomp_recon.obj
 0001:000761e0       @FUN_00461a50@8            100771e0 f   E2Recomp_recon.obj
 0001:000762c0       @FUN_00461ab5@8            100772c0 f   E2Recomp_recon.obj
 0001:00076520       @FUN_00461d53@8            10077520 f   E2Recomp_recon.obj
 0001:00076990       @FUN_00461d9c@8            10077990 f   E2Recomp_recon.obj
 0001:00076a00       @FUN_00461dc0@8            10077a00 f   E2Recomp_recon.obj
 0001:00076c10       @FUN_00461ee9@8            10077c10 f   E2Recomp_recon.obj
 0001:00076dc0       @FUN_004620bb@8            10077dc0 f   E2Recomp_recon.obj
 0001:00076e10       @FUN_004620d0@8            10077e10 f   E2Recomp_recon.obj
 0001:00076e40       @FUN_004620db@8            10077e40 f   E2Recomp_recon.obj
 0001:00076e70       @FUN_004620e7@8            10077e70 f   E2Recomp_recon.obj
 0001:00076ed0       @FUN_00462124@4            10077ed0 f   E2Recomp_recon.obj
 0001:00076fe0       @FUN_004621a0@8            10077fe0 f   E2Recomp_recon.obj
 0001:000770a0       @FUN_004621db@8            100780a0 f   E2Recomp_recon.obj
 0001:00077100       _FUN_004621fd              10078100 f   E2Recomp_recon.obj
 0001:000771b0       @FUN_00462298@8            100781b0 f   E2Recomp_recon.obj
 0001:00077300       @FUN_004622ce@8            10078300 f   E2Recomp_recon.obj
 0001:00077340       @FUN_00462318@8            10078340 f   E2Recomp_recon.obj
 0001:00077390       @FUN_00462353@8            10078390 f   E2Recomp_recon.obj
 0001:00077400       @FUN_00462396@8            10078400 f   E2Recomp_recon.obj
 0001:00077420       @FUN_0046239d@8            10078420 f   E2Recomp_recon.obj
 0001:00077440       @FUN_004623a5@8            10078440 f   E2Recomp_recon.obj
 0001:00077800       @FUN_004625ec@8            10078800 f   E2Recomp_recon.obj
 0001:00077990       @FUN_004626e1@8            10078990 f   E2Recomp_recon.obj
 0001:00077a20       @FUN_00462720@8            10078a20 f   E2Recomp_recon.obj
 0001:00077b70       @FUN_004627b5@8            10078b70 f   E2Recomp_recon.obj
 0001:00077da0       @FUN_004628d8@8            10078da0 f   E2Recomp_recon.obj
 0001:00077e50       @FUN_00462936@8            10078e50 f   E2Recomp_recon.obj
 0001:00077ed0       @FUN_00462979@8            10078ed0 f   E2Recomp_recon.obj
 0001:000780d0       @FUN_00462a73@8            100790d0 f   E2Recomp_recon.obj
 0001:000788f0       @FUN_00462d8a@8            100798f0 f   E2Recomp_recon.obj
 0001:00078cb0       _FUN_00462f7a              10079cb0 f   E2Recomp_recon.obj
 0001:00078cf0       @FUN_00462fa1@8            10079cf0 f   E2Recomp_recon.obj
 0001:00078d70       _FUN_0046307e              10079d70 f   E2Recomp_recon.obj
 0001:00078e70       @FUN_00463110@8            10079e70 f   E2Recomp_recon.obj
 0001:00078e90       @FUN_00463144@8            10079e90 f   E2Recomp_recon.obj
 0001:00078ef0       @FUN_0046315d@8            10079ef0 f   E2Recomp_recon.obj
 0001:00078f60       @FUN_00463189@8            10079f60 f   E2Recomp_recon.obj
 0001:00078fe0       @FUN_004631f2@8            10079fe0 f   E2Recomp_recon.obj
 0001:00079000       @FUN_004631fd@8            1007a000 f   E2Recomp_recon.obj
 0001:00079020       _FUN_00463208              1007a020 f   E2Recomp_recon.obj
 0001:00079220       @FUN_004632dc@8            1007a220 f   E2Recomp_recon.obj
 0001:00079340       @FUN_0046349a@8            1007a340 f   E2Recomp_recon.obj
 0001:00079360       _FUN_004634c7              1007a360 f   E2Recomp_recon.obj
 0001:00079370       @FUN_0046388f@8            1007a370 f   E2Recomp_recon.obj
 0001:00079380       @FUN_004638cd@8            1007a380 f   E2Recomp_recon.obj
 0001:00079390       _FUN_004638ee              1007a390 f   E2Recomp_recon.obj
 0001:000793f0       _FUN_004639a1              1007a3f0 f   E2Recomp_recon.obj
 0001:000794b0       _FUN_00463a03              1007a4b0 f   E2Recomp_recon.obj
 0001:00079520       @FUN_00463a48@8            1007a520 f   E2Recomp_recon.obj
 0001:000795b0       @FUN_00463a87@8            1007a5b0 f   E2Recomp_recon.obj
 0001:00079630       @FUN_00463ad3@8            1007a630 f   E2Recomp_recon.obj
 0001:000796d0       _FUN_00463b20              1007a6d0 f   E2Recomp_recon.obj
 0001:00079740       _FUN_00463b97              1007a740 f   E2Recomp_recon.obj
 0001:00079850       _FUN_00463d1c              1007a850 f   E2Recomp_recon.obj
 0001:00079900       @FUN_00463d67@8            1007a900 f   E2Recomp_recon.obj
 0001:000799c0       @FUN_00463e96@8            1007a9c0 f   E2Recomp_recon.obj
 0001:00079ab0       _FUN_00463f30              1007aab0 f   E2Recomp_recon.obj
 0001:00079b20       @FUN_00463f67@8            1007ab20 f   E2Recomp_recon.obj
 0001:00079b50       @FUN_00463fa9@8            1007ab50 f   E2Recomp_recon.obj
 0001:00079be0       @FUN_00463ff3@8            1007abe0 f   E2Recomp_recon.obj
 0001:00079c20       @FUN_0046400e@4            1007ac20 f   E2Recomp_recon.obj
 0001:00079c40       @FUN_00464045@8            1007ac40 f   E2Recomp_recon.obj
 0001:00079cd0       @FUN_0046408f@8            1007acd0 f   E2Recomp_recon.obj
 0001:00079d10       _FUN_004640aa              1007ad10 f   E2Recomp_recon.obj
 0001:00079d20       _FUN_004640d9              1007ad20 f   E2Recomp_recon.obj
 0001:00079d80       @FUN_004640e7@8            1007ad80 f   E2Recomp_recon.obj
 0001:00079e20       @FUN_00464140@4            1007ae20 f   E2Recomp_recon.obj
 0001:00079ea0       @FUN_0046418b@8            1007aea0 f   E2Recomp_recon.obj
 0001:00079f00       @FUN_004641c6@8            1007af00 f   E2Recomp_recon.obj
 0001:0007a030       @FUN_004642ab@8            1007b030 f   E2Recomp_recon.obj
 0001:0007a090       @FUN_004642df@8            1007b090 f   E2Recomp_recon.obj
 0001:0007a560       @FUN_004645a2@8            1007b560 f   E2Recomp_recon.obj
 0001:0007a610       @FUN_004645d2@8            1007b610 f   E2Recomp_recon.obj
 0001:0007a820       @FUN_0046471c@8            1007b820 f   E2Recomp_recon.obj
 0001:0007a890       @FUN_0046477e@20           1007b890 f   E2Recomp_recon.obj
 0001:0007a8f0       @FUN_004648b2@8            1007b8f0 f   E2Recomp_recon.obj
 0001:0007aa00       @FUN_00464b00@8            1007ba00 f   E2Recomp_recon.obj
 0001:0007ab50       _FUN_00464d15              1007bb50 f   E2Recomp_recon.obj
 0001:0007ab60       _FUN_00464d20              1007bb60 f   E2Recomp_recon.obj
 0001:0007ab80       _FUN_00464d29              1007bb80 f   E2Recomp_recon.obj
 0001:0007abc0       @FUN_00464d63@8            1007bbc0 f   E2Recomp_recon.obj
 0001:0007abe0       @FUN_00464f19@8            1007bbe0 f   E2Recomp_recon.obj
 0001:0007ac30       @FUN_00464f6c@8            1007bc30 f   E2Recomp_recon.obj
 0001:0007acb0       @FUN_00464fa3@8            1007bcb0 f   E2Recomp_recon.obj
 0001:0007ad60       @FUN_00465004@8            1007bd60 f   E2Recomp_recon.obj
 0001:0007ae00       @FUN_0046507c@8            1007be00 f   E2Recomp_recon.obj
 0001:0007ae40       @FUN_004650a2@8            1007be40 f   E2Recomp_recon.obj
 0001:0007ae60       @FUN_004650ac@8            1007be60 f   E2Recomp_recon.obj
 0001:0007aeb0       @FUN_004651c6@8            1007beb0 f   E2Recomp_recon.obj
 0001:0007afc0       @FUN_00465269@8            1007bfc0 f   E2Recomp_recon.obj
 0001:0007b100       @FUN_004652cc@8            1007c100 f   E2Recomp_recon.obj
 0001:0007b1e0       @FUN_0046533d@28           1007c1e0 f   E2Recomp_recon.obj
 0001:0007b670       @FUN_00465588@8            1007c670 f   E2Recomp_recon.obj
 0001:0007bb00       _FUN_0046577c              1007cb00 f   E2Recomp_recon.obj
 0001:0007bcd0       _FUN_00465893              1007ccd0 f   E2Recomp_recon.obj
 0001:0007bcf0       ___fdivp_sti_st            1007ccf0 f   E2Recomp_recon.obj
 0001:0007bd60       _FUN_00465d42              1007cd60 f   E2Recomp_recon.obj
 0001:0007bdd0       ___adj_fdiv_m64            1007cdd0 f   E2Recomp_recon.obj
 0001:0007be10       _FUN_00465e00              1007ce10 f   E2Recomp_recon.obj
 0001:0007be50       _FUN_00465e98              1007ce50 f   E2Recomp_recon.obj
 0001:0007be60       _FUN_00465ea2              1007ce60 f   E2Recomp_recon.obj
 0001:0007be70       _FUN_00465ea9              1007ce70 f   E2Recomp_recon.obj
 0001:0007be80       @FUN_00465ef5@8            1007ce80 f   E2Recomp_recon.obj
 0001:0007bed0       @FUN_00465f3d@8            1007ced0 f   E2Recomp_recon.obj
 0001:0007bf40       @FUN_00465f6c@20           1007cf40 f   E2Recomp_recon.obj
 0001:0007bff0       @FUN_00466000@8            1007cff0 f   E2Recomp_recon.obj
 0001:0007c170       @thunk_FUN_00466000@8      1007d170 f   E2Recomp_recon.obj
 0001:0007c1a0       @FUN_0046606d@16           1007d1a0 f   E2Recomp_recon.obj
 0001:0007c1e0       _FUN_004660a9              1007d1e0 f   E2Recomp_recon.obj
 0001:0007c230       @FUN_004660ea@20           1007d230 f   E2Recomp_recon.obj
 0001:0007c360       @FUN_00466207@36           1007d360 f   E2Recomp_recon.obj
 0001:0007c6d0       @FUN_00466474@8            1007d6d0 f   E2Recomp_recon.obj
 0001:0007c7e0       @FUN_004664bf@8            1007d7e0 f   E2Recomp_recon.obj
 0001:0007c860       _FUN_00466510              1007d860 f   E2Recomp_recon.obj
 0001:0007c970       @FUN_0046667d@8            1007d970 f   E2Recomp_recon.obj
 0001:0007c9c0       _thunk_FUN_00466957        1007d9c0 f   E2Recomp_recon.obj
 0001:0007c9d0       @FUN_004666ad@8            1007d9d0 f   E2Recomp_recon.obj
 0001:0007ca20       @FUN_004666cc@20           1007da20 f   E2Recomp_recon.obj
 0001:0007ca50       _FUN_00466708              1007da50 f   E2Recomp_recon.obj
 0001:0007ca80       _FUN_00466722              1007da80 f   E2Recomp_recon.obj
 0001:0007cbe0       @FUN_0046675c@8            1007dbe0 f   E2Recomp_recon.obj
 0001:0007cda0       @FUN_004667c7@8            1007dda0 f   E2Recomp_recon.obj
 0001:0007cfa0       _FUN_00466831              1007dfa0 f   E2Recomp_recon.obj
 0001:0007d5a0       _FUN_004668e6              1007e5a0 f   E2Recomp_recon.obj
 0001:0007d5b0       @FUN_004668e8@20           1007e5b0 f   E2Recomp_recon.obj
 0001:0007d610       _FUN_00466957              1007e610 f   E2Recomp_recon.obj
 0001:0007d620       _E2R_InitData              1007e620 f   E2Recomp_data_init.obj
 0001:00083fa0       _memcpy                    10084fa0 f   E2Recomp_stubs.obj
 0001:00083ff0       _E2R_WinMainThunk          10084ff0 f   E2Recomp_stubs.obj
 0001:00084070       _E2R_WndProc@16            10085070 f   E2Recomp_stubs.obj
 0001:000840a0       _E2R_CreateWindowExA       100850a0 f   E2Recomp_stubs.obj
 0001:000841c0       _E2R_DialogBoxParamA       100851c0 f   E2Recomp_stubs.obj
 0001:00084380       _E2R_InstallCrashHandler   10085380 f   E2Recomp_stubs.obj
 0001:00084410       _in                        10085410 f   E2Recomp_stubs.obj
 0001:00084420       _out                       10085420 f   E2Recomp_stubs.obj
 0001:00084430       _fpatan                    10085430 f   E2Recomp_stubs.obj
 0001:00084440       _fptan                     10085440 f   E2Recomp_stubs.obj
 0001:00084450       _ROUND                     10085450 f   E2Recomp_stubs.obj
 0001:00084460       _halt_baddata              10085460 f   E2Recomp_stubs.obj
 0001:00084470       _ZEXT48                    10085470 f   E2Recomp_stubs.obj
 0001:00084480       _CONCAT24                  10085480 f   E2Recomp_stubs.obj
 0001:000844a0       _CONCAT28                  100854a0 f   E2Recomp_stubs.obj
 0001:000844d0       _SUB84                     100854d0 f   E2Recomp_stubs.obj
 0001:000844f0       _SUB104                    100854f0 f   E2Recomp_stubs.obj
 0001:00084510       _CARRY1                    10085510 f   E2Recomp_stubs.obj
 0001:00084540       _CARRY4                    10085540 f   E2Recomp_stubs.obj
 0001:00084580       _ABS                       10085580 f   E2Recomp_stubs.obj
 0001:000845b0       _LOCK                      100855b0 f   E2Recomp_stubs.obj
 0001:000845c0       _UNLOCK                    100855c0 f   E2Recomp_stubs.obj
 0001:000845d0       _swi                       100855d0 f   E2Recomp_stubs.obj
 0001:000845e0       _func_0x0045cf39           100855e0 f   E2Recomp_stubs.obj
 0001:000845f0       _func_0x0045d839           100855f0 f   E2Recomp_stubs.obj
 0001:00084600       _func_0x0045d7c4           10085600 f   E2Recomp_stubs.obj
 0001:00084610       _func_0x0045d10e           10085610 f   E2Recomp_stubs.obj
 0001:00084620       _func_0x0045d5f8           10085620 f   E2Recomp_stubs.obj
 0001:00084630       _func_0x0045d482           10085630 f   E2Recomp_stubs.obj
 0001:00084640       _func_0x0045d92a           10085640 f   E2Recomp_stubs.obj
 0001:00084650       _func_0x0045dab9           10085650 f   E2Recomp_stubs.obj
 0001:00084660       _func_0x0045db21           10085660 f   E2Recomp_stubs.obj
 0001:00084670       _func_0x0045dbba           10085670 f   E2Recomp_stubs.obj
 0001:00084680       _func_0x0000023b           10085680 f   E2Recomp_stubs.obj
 0001:00084690       _func_0x012eb116           10085690 f   E2Recomp_stubs.obj
 0001:000846d0       _DirectDrawCreate          100856d0 f   E2Recomp_stubs.obj
 0001:00084740       _DirectSoundCreate         10085740 f   E2Recomp_stubs.obj
 0001:000847a0       _acmMetrics                100857a0 f   E2Recomp_stubs.obj
 0001:000847f0       _SIMD_InitDriver           100857f0 f   E2Recomp_stubs.obj
 0001:00084850       _SIMD_PlayTune             10085850 f   E2Recomp_stubs.obj
 0001:000848b0       _SIMD_StopTune             100858b0 f   E2Recomp_stubs.obj
 0001:00084900       _SIMD_RemoveDriver         10085900 f   E2Recomp_stubs.obj
 0001:00084950       ___report_gsfailure        10085950 f   LIBCMT:gs_report.obj
 0001:00084960       ___report_rangecheckfailure 10085960 f   LIBCMT:gs_report.obj
 0001:00084970       @__security_check_cookie@4 10085970 f   LIBCMT:secchk.obj
 0001:00084980       __alldiv                   10085980 f   LIBCMT:lldiv.obj
 0001:00084a30       __allrem                   10085a30 f   LIBCMT:llrem.obj
 0001:00084af0       __allshl                   10085af0 f   LIBCMT:llshl.obj
 0001:00084b10       __aulldiv                  10085b10 f   LIBCMT:ulldiv.obj
 0001:00084b80       __aullrem                  10085b80 f   LIBCMT:ullrem.obj
 0001:00084c00       __aullshr                  10085c00 f   LIBCMT:ullshr.obj
 0001:00084c20       __ftol3                    10085c20 f   LIBCMT:ftol3.obj
 0001:00084c90       __dtoul3                   10085c90 f   LIBCMT:ftol3.obj
 0001:00084d40       __dtoul3_legacy            10085d40 f   LIBCMT:ftol3.obj
 0001:00084d70       __dtol3                    10085d70 f   LIBCMT:ftol3.obj
 0001:00084e20       __ultod3                   10085e20 f   LIBCMT:ftol3.obj
 0001:00084e70       __ultof3                   10085e70 f   LIBCMT:ftol3.obj
 0001:00084ef0       @_guard_check_icall_nop@4  10085ef0 f i LIBCMT:guard_support.obj
 0002:00000000       __imp__GetOpenFileNameA@4  10086000     comdlg32:COMDLG32.dll
 0002:00000004       \177COMDLG32_NULL_THUNK_DATA 10086004     comdlg32:COMDLG32.dll
 0002:00000008       __imp__GetStockObject@4    10086008     gdi32:GDI32.dll
 0002:0000000c       __imp__GetTextExtentPoint32A@16 1008600c     gdi32:GDI32.dll
 0002:00000010       \177GDI32_NULL_THUNK_DATA  10086010     gdi32:GDI32.dll
 0002:00000014       __imp__VirtualAlloc@16     10086014     kernel32:KERNEL32.dll
 0002:00000018       __imp__Sleep@4             10086018     kernel32:KERNEL32.dll
 0002:0000001c       __imp__SetUnhandledExceptionFilter@4 1008601c     kernel32:KERNEL32.dll
 0002:00000020       __imp__WriteConsoleA@20    10086020     kernel32:KERNEL32.dll
 0002:00000024       __imp__ReadConsoleInputA@16 10086024     kernel32:KERNEL32.dll
 0002:00000028       __imp__SetConsoleMode@8    10086028     kernel32:KERNEL32.dll
 0002:0000002c       __imp__GetConsoleMode@8    1008602c     kernel32:KERNEL32.dll
 0002:00000030       __imp__GetTimeZoneInformation@4 10086030     kernel32:KERNEL32.dll
 0002:00000034       __imp__IsBadReadPtr@8      10086034     kernel32:KERNEL32.dll
 0002:00000038       __imp__WriteProfileStringA@12 10086038     kernel32:KERNEL32.dll
 0002:0000003c       __imp__lstrcatA@8          1008603c     kernel32:KERNEL32.dll
 0002:00000040       __imp__lstrcpyA@8          10086040     kernel32:KERNEL32.dll
 0002:00000044       __imp__FileTimeToDosDateTime@12 10086044     kernel32:KERNEL32.dll
 0002:00000048       __imp__LoadLibraryA@4      10086048     kernel32:KERNEL32.dll
 0002:0000004c       __imp__LocalAlloc@8        1008604c     kernel32:KERNEL32.dll
 0002:00000050       __imp__GlobalFree@4        10086050     kernel32:KERNEL32.dll
 0002:00000054       __imp__GlobalHandle@4      10086054     kernel32:KERNEL32.dll
 0002:00000058       __imp__GlobalLock@4        10086058     kernel32:KERNEL32.dll
 0002:0000005c       __imp__GlobalUnlock@4      1008605c     kernel32:KERNEL32.dll
 0002:00000060       __imp__GlobalAlloc@8       10086060     kernel32:KERNEL32.dll
 0002:00000064       __imp__GetProcAddress@8    10086064     kernel32:KERNEL32.dll
 0002:00000068       __imp__GetModuleHandleA@4  10086068     kernel32:KERNEL32.dll
 0002:0000006c       __imp__GetModuleFileNameA@12 1008606c     kernel32:KERNEL32.dll
 0002:00000070       __imp__VirtualProtect@16   10086070     kernel32:KERNEL32.dll
 0002:00000074       __imp__GetWindowsDirectoryA@8 10086074     kernel32:KERNEL32.dll
 0002:00000078       __imp__GetTickCount@0      10086078     kernel32:KERNEL32.dll
 0002:0000007c       __imp__GetVersion@0        1008607c     kernel32:KERNEL32.dll
 0002:00000080       __imp__GetLocalTime@4      10086080     kernel32:KERNEL32.dll
 0002:00000084       __imp__TlsSetValue@8       10086084     kernel32:KERNEL32.dll
 0002:00000088       __imp__TlsGetValue@4       10086088     kernel32:KERNEL32.dll
 0002:0000008c       __imp__lstrlenA@4          1008608c     kernel32:KERNEL32.dll
 0002:00000090       __imp__LocalFree@4         10086090     kernel32:KERNEL32.dll
 0002:00000094       __imp__GetLastError@0      10086094     kernel32:KERNEL32.dll
 0002:00000098       __imp__GetStdHandle@4      10086098     kernel32:KERNEL32.dll
 0002:0000009c       __imp__GetCommandLineA@0   1008609c     kernel32:KERNEL32.dll
 0002:000000a0       __imp__GetEnvironmentStrings@0 100860a0     kernel32:KERNEL32.dll
 0002:000000a4       __imp__SetCurrentDirectoryA@4 100860a4     kernel32:KERNEL32.dll
 0002:000000a8       __imp__GetCurrentDirectoryA@8 100860a8     kernel32:KERNEL32.dll
 0002:000000ac       __imp__CreateDirectoryA@8  100860ac     kernel32:KERNEL32.dll
 0002:000000b0       __imp__CreateFileA@28      100860b0     kernel32:KERNEL32.dll
 0002:000000b4       __imp__DeleteFileA@4       100860b4     kernel32:KERNEL32.dll
 0002:000000b8       __imp__FileTimeToLocalFileTime@8 100860b8     kernel32:KERNEL32.dll
 0002:000000bc       __imp__FindClose@4         100860bc     kernel32:KERNEL32.dll
 0002:000000c0       __imp__FindFirstFileA@8    100860c0     kernel32:KERNEL32.dll
 0002:000000c4       __imp__FindNextFileA@8     100860c4     kernel32:KERNEL32.dll
 0002:000000c8       __imp__GetDiskFreeSpaceA@20 100860c8     kernel32:KERNEL32.dll
 0002:000000cc       __imp__GetFileType@4       100860cc     kernel32:KERNEL32.dll
 0002:000000d0       __imp__GetFullPathNameA@16 100860d0     kernel32:KERNEL32.dll
 0002:000000d4       __imp__ReadFile@20         100860d4     kernel32:KERNEL32.dll
 0002:000000d8       __imp__RemoveDirectoryA@4  100860d8     kernel32:KERNEL32.dll
 0002:000000dc       __imp__SetFilePointer@16   100860dc     kernel32:KERNEL32.dll
 0002:000000e0       __imp__WriteFile@20        100860e0     kernel32:KERNEL32.dll
 0002:000000e4       __imp__CloseHandle@4       100860e4     kernel32:KERNEL32.dll
 0002:000000e8       __imp__SetEvent@4          100860e8     kernel32:KERNEL32.dll
 0002:000000ec       __imp__ReleaseMutex@4      100860ec     kernel32:KERNEL32.dll
 0002:000000f0       __imp__WaitForSingleObject@8 100860f0     kernel32:KERNEL32.dll
 0002:000000f4       __imp__CreateMutexA@12     100860f4     kernel32:KERNEL32.dll
 0002:000000f8       __imp__GetCurrentProcessId@0 100860f8     kernel32:KERNEL32.dll
 0002:000000fc       __imp__ExitProcess@4       100860fc     kernel32:KERNEL32.dll
 0002:00000100       __imp__GetCurrentThreadId@0 10086100     kernel32:KERNEL32.dll
 0002:00000104       __imp__ExitThread@4        10086104     kernel32:KERNEL32.dll
 0002:00000108       __imp__TlsAlloc@0          10086108     kernel32:KERNEL32.dll
 0002:0000010c       \177KERNEL32_NULL_THUNK_DATA 1008610c     kernel32:KERNEL32.dll
 0002:00000110       __imp__DialogBoxParamA@20  10086110     user32:USER32.dll
 0002:00000114       __imp__IsWindow@4          10086114     user32:USER32.dll
 0002:00000118       __imp__CreateWindowExA@48  10086118     user32:USER32.dll
 0002:0000011c       __imp__LoadIconA@8         1008611c     user32:USER32.dll
 0002:00000120       __imp__LoadCursorA@8       10086120     user32:USER32.dll
 0002:00000124       __imp__GetCursorPos@4      10086124     user32:USER32.dll
 0002:00000128       __imp__ShowCursor@4        10086128     user32:USER32.dll
 0002:0000012c       __imp__MessageBoxA@16      1008612c     user32:USER32.dll
 0002:00000130       __imp__SetWindowTextA@8    10086130     user32:USER32.dll
 0002:00000134       __imp__ReleaseDC@8         10086134     user32:USER32.dll
 0002:00000138       __imp__GetDC@4             10086138     user32:USER32.dll
 0002:0000013c       __imp__UpdateWindow@4      1008613c     user32:USER32.dll
 0002:00000140       __imp__CheckMenuItem@12    10086140     user32:USER32.dll
 0002:00000144       __imp__GetMenu@4           10086144     user32:USER32.dll
 0002:00000148       __imp__GetSystemMetrics@4  10086148     user32:USER32.dll
 0002:0000014c       __imp__KillTimer@8         1008614c     user32:USER32.dll
 0002:00000150       __imp__SetTimer@16         10086150     user32:USER32.dll
 0002:00000154       __imp__SetFocus@4          10086154     user32:USER32.dll
 0002:00000158       __imp__GetDlgItem@8        10086158     user32:USER32.dll
 0002:0000015c       __imp__EndDialog@8         1008615c     user32:USER32.dll
 0002:00000160       __imp__ShowWindow@8        10086160     user32:USER32.dll
 0002:00000164       __imp__DestroyWindow@4     10086164     user32:USER32.dll
 0002:00000168       __imp__UnregisterClassA@8  10086168     user32:USER32.dll
 0002:0000016c       __imp__wsprintfA           1008616c     user32:USER32.dll
 0002:00000170       __imp__PostQuitMessage@4   10086170     user32:USER32.dll
 0002:00000174       __imp__DefWindowProcA@16   10086174     user32:USER32.dll
 0002:00000178       __imp__WaitMessage@0       10086178     user32:USER32.dll
 0002:0000017c       __imp__PostMessageA@16     1008617c     user32:USER32.dll
 0002:00000180       __imp__SendMessageA@16     10086180     user32:USER32.dll
 0002:00000184       __imp__PeekMessageA@20     10086184     user32:USER32.dll
 0002:00000188       __imp__DispatchMessageA@4  10086188     user32:USER32.dll
 0002:0000018c       __imp__RegisterClassA@4    1008618c     user32:USER32.dll
 0002:00000190       __imp__GetMessageA@16      10086190     user32:USER32.dll
 0002:00000194       __imp__TranslateMessage@4  10086194     user32:USER32.dll
 0002:00000198       \177USER32_NULL_THUNK_DATA 10086198     user32:USER32.dll
 0002:0000019c       __imp__mmioSeek@12         1008619c     winmm:WINMM.dll
 0002:000001a0       __imp__mmioGetInfo@12      100861a0     winmm:WINMM.dll
 0002:000001a4       __imp__mmioSetInfo@12      100861a4     winmm:WINMM.dll
 0002:000001a8       __imp__mmioAdvance@12      100861a8     winmm:WINMM.dll
 0002:000001ac       __imp__mmioDescend@16      100861ac     winmm:WINMM.dll
 0002:000001b0       __imp__mmioAscend@12       100861b0     winmm:WINMM.dll
 0002:000001b4       __imp__midiOutGetNumDevs@0 100861b4     winmm:WINMM.dll
 0002:000001b8       __imp__midiOutGetDevCapsA@12 100861b8     winmm:WINMM.dll
 0002:000001bc       __imp__timeGetTime@0       100861bc     winmm:WINMM.dll
 0002:000001c0       __imp__mmioOpenA@12        100861c0     winmm:WINMM.dll
 0002:000001c4       __imp__mmioClose@8         100861c4     winmm:WINMM.dll
 0002:000001c8       __imp__mmioRead@12         100861c8     winmm:WINMM.dll
 0002:000001cc       \177WINMM_NULL_THUNK_DATA  100861cc     winmm:WINMM.dll
 0002:000001d0       ___guard_check_icall_fptr  100861d0     LIBCMT:guard_support.obj
 0002:000001d4       ___castguard_check_failure_os_handled_fptr 100861d4     LIBCMT:guard_support.obj
 0002:000001e0       __real@0000000000000000    100861e0     E2Recomp_recon.obj
 0002:000001e8       __real@3f800000            100861e8     E2Recomp_recon.obj
 0002:000001f0       __real@3ff0000000000000    100861f0     E2Recomp_recon.obj
 0002:000001f8       __real@43eff333            100861f8     E2Recomp_recon.obj
 0002:000001fc       __real@441ff99a            100861fc     E2Recomp_recon.obj
 0002:00000200       __xmm@41f00000000000000000000000000000 10086200     E2Recomp_recon.obj
 0002:00000210       __xmm@80000000000000008000000000000000 10086210     E2Recomp_recon.obj
 0002:00001e60       __load_config_used         10087e60     LIBCMT:loadcfg.obj
 0002:00001f40       ___volatile_metadata       10087f40     <linker-defined>
[...]
 0002:000011bc       ?v@?NO@??E2R_InitData@@9@9 100871bc     E2Recomp_data_init.obj
 0002:000011c4       ?v@?NP@??E2R_InitData@@9@9 100871c4     E2Recomp_data_init.obj
 0002:000011d0       ?v@?OA@??E2R_InitData@@9@9 100871d0     E2Recomp_data_init.obj
 0002:000011e4       ?v@?OB@??E2R_InitData@@9@9 100871e4     E2Recomp_data_init.obj
 0002:000011f0       ?v@?OC@??E2R_InitData@@9@9 100871f0     E2Recomp_data_init.obj
 0002:000011fc       ?v@?OD@??E2R_InitData@@9@9 100871fc     E2Recomp_data_init.obj
 0002:00001208       ?v@?OE@??E2R_InitData@@9@9 10087208     E2Recomp_data_init.obj
 0002:00001210       ?v@?OF@??E2R_InitData@@9@9 10087210     E2Recomp_data_init.obj
 0002:0000122c       ?v@?OG@??E2R_InitData@@9@9 1008722c     E2Recomp_data_init.obj
 0002:00001248       ?v@?OH@??E2R_InitData@@9@9 10087248     E2Recomp_data_init.obj
 0002:00001258       ?v@?OI@??E2R_InitData@@9@9 10087258     E2Recomp_data_init.obj
 0002:00001268       ?v@?OJ@??E2R_InitData@@9@9 10087268     E2Recomp_data_init.obj
 0002:00001274       ?v@?OK@??E2R_InitData@@9@9 10087274     E2Recomp_data_init.obj
 0002:00001298       ?v@?OL@??E2R_InitData@@9@9 10087298     E2Recomp_data_init.obj
 0002:000012a4       ?v@?OM@??E2R_InitData@@9@9 100872a4     E2Recomp_data_init.obj
 0002:000012b0       ?v@?ON@??E2R_InitData@@9@9 100872b0     E2Recomp_data_init.obj
 0002:000012bc       ?v@?OO@??E2R_InitData@@9@9 100872bc     E2Recomp_data_init.obj
 0002:000012c8       ?v@?OP@??E2R_InitData@@9@9 100872c8     E2Recomp_data_init.obj
 0002:000012d4       ?v@?PA@??E2R_InitData@@9@9 100872d4     E2Recomp_data_init.obj
 0002:000012e0       ?v@?PB@??E2R_InitData@@9@9 100872e0     E2Recomp_data_init.obj
 0002:000012e8       ?v@?PC@??E2R_InitData@@9@9 100872e8     E2Recomp_data_init.obj
 0002:0000130c       ?v@?PD@??E2R_InitData@@9@9 1008730c     E2Recomp_data_init.obj
 0002:0000131c       ?v@?PE@??E2R_InitData@@9@9 1008731c     E2Recomp_data_init.obj
 0002:00001324       ?v@?PF@??E2R_InitData@@9@9 10087324     E2Recomp_data_init.obj
 0002:00001334       ?v@?PG@??E2R_InitData@@9@9 10087334     E2Recomp_data_init.obj
 0002:00001350       ?v@?PH@??E2R_InitData@@9@9 10087350     E2Recomp_data_init.obj
 0002:0000135c       ?v@?PI@??E2R_InitData@@9@9 1008735c     E2Recomp_data_init.obj
 0002:0000137c       ?v@?PJ@??E2R_InitData@@9@9 1008737c     E2Recomp_data_init.obj
 0002:00001388       ?v@?PK@??E2R_InitData@@9@9 10087388     E2Recomp_data_init.obj
 0002:00001394       ?v@?PL@??E2R_InitData@@9@9 10087394     E2Recomp_data_init.obj
 0002:000013c0       ?v@?PM@??E2R_InitData@@9@9 100873c0     E2Recomp_data_init.obj
 0002:000013ec       ?v@?PN@??E2R_InitData@@9@9 100873ec     E2Recomp_data_init.obj
 0002:00001418       ?v@?PO@??E2R_InitData@@9@9 10087418     E2Recomp_data_init.obj
 0002:00001444       ?v@?PP@??E2R_InitData@@9@9 10087444     E2Recomp_data_init.obj
 0002:00001450       ?v@?BAA@??E2R_InitData@@9@9 10087450     E2Recomp_data_init.obj
 0002:00001460       ?v@?BAB@??E2R_InitData@@9@9 10087460     E2Recomp_data_init.obj
 0002:000014a4       ?v@?BAC@??E2R_InitData@@9@9 100874a4     E2Recomp_data_init.obj
 0002:000014b8       ?v@?BAD@??E2R_InitData@@9@9 100874b8     E2Recomp_data_init.obj
 0002:000014cc       ?v@?BAE@??E2R_InitData@@9@9 100874cc     E2Recomp_data_init.obj
 0002:000014e4       ?v@?BAF@??E2R_InitData@@9@9 100874e4     E2Recomp_data_init.obj
 0002:000014fc       ?v@?BAG@??E2R_InitData@@9@9 100874fc     E2Recomp_data_init.obj
 0002:00001518       ?v@?BAH@??E2R_InitData@@9@9 10087518     E2Recomp_data_init.obj
 0002:00001524       ?v@?BAI@??E2R_InitData@@9@9 10087524     E2Recomp_data_init.obj
 0002:00001534       ?v@?BAJ@??E2R_InitData@@9@9 10087534     E2Recomp_data_init.obj
 0002:00001540       ?v@?BAK@??E2R_InitData@@9@9 10087540     E2Recomp_data_init.obj
 0002:00001554       ?v@?BAL@??E2R_InitData@@9@9 10087554     E2Recomp_data_init.obj
 0002:00001560       ?v@?BAM@??E2R_InitData@@9@9 10087560     E2Recomp_data_init.obj
 0002:0000156c       ?v@?BAN@??E2R_InitData@@9@9 1008756c     E2Recomp_data_init.obj
 0002:00001574       ?v@?BAO@??E2R_InitData@@9@9 10087574     E2Recomp_data_init.obj
 0002:00001584       ?v@?BAP@??E2R_InitData@@9@9 10087584     E2Recomp_data_init.obj
 0002:0000158c       ?v@?BBA@??E2R_InitData@@9@9 1008758c     E2Recomp_data_init.obj
 0002:00001598       ?v@?BBB@??E2R_InitData@@9@9 10087598     E2Recomp_data_init.obj
 0002:000015a0       ?v@?BBC@??E2R_InitData@@9@9 100875a0     E2Recomp_data_init.obj
 0002:000015ac       ?v@?BBD@??E2R_InitData@@9@9 100875ac     E2Recomp_data_init.obj
 0002:000015c4       ?v@?BBE@??E2R_InitData@@9@9 100875c4     E2Recomp_data_init.obj
 0002:000015cc       ?v@?BBF@??E2R_InitData@@9@9 100875cc     E2Recomp_data_init.obj
 0002:000015d4       ?v@?BBG@??E2R_InitData@@9@9 100875d4     E2Recomp_data_init.obj
 0002:000015e0       ?v@?BBH@??E2R_InitData@@9@9 100875e0     E2Recomp_data_init.obj
 0002:000015ec       ?v@?BBI@??E2R_InitData@@9@9 100875ec     E2Recomp_data_init.obj
 0002:000015f8       ?v@?BBJ@??E2R_InitData@@9@9 100875f8     E2Recomp_data_init.obj
 0002:00001608       ?v@?BBK@??E2R_InitData@@9@9 10087608     E2Recomp_data_init.obj
 0002:00001618       ?v@?BBL@??E2R_InitData@@9@9 10087618     E2Recomp_data_init.obj
 0002:00001628       ?v@?BBM@??E2R_InitData@@9@9 10087628     E2Recomp_data_init.obj
 0002:0000163c       ?v@?BBN@??E2R_InitData@@9@9 1008763c     E2Recomp_data_init.obj
 0002:0000164c       ?v@?BBO@??E2R_InitData@@9@9 1008764c     E2Recomp_data_init.obj
 0002:00001660       ?v@?BBP@??E2R_InitData@@9@9 10087660     E2Recomp_data_init.obj
 0002:00001674       ?v@?BCA@??E2R_InitData@@9@9 10087674     E2Recomp_data_init.obj
 0002:00001684       ?v@?BCB@??E2R_InitData@@9@9 10087684     E2Recomp_data_init.obj
 0002:00001694       ?v@?BCC@??E2R_InitData@@9@9 10087694     E2Recomp_data_init.obj
 0002:000016a8       ?v@?BCD@??E2R_InitData@@9@9 100876a8     E2Recomp_data_init.obj
 0002:000016b8       ?v@?BCE@??E2R_InitData@@9@9 100876b8     E2Recomp_data_init.obj
 0002:000016c8       ?v@?BCF@??E2R_InitData@@9@9 100876c8     E2Recomp_data_init.obj
 0002:000016dc       ?v@?BCG@??E2R_InitData@@9@9 100876dc     E2Recomp_data_init.obj
 0002:000016ec       ?v@?BCH@??E2R_InitData@@9@9 100876ec     E2Recomp_data_init.obj
 0002:000016f8       ?v@?BCI@??E2R_InitData@@9@9 100876f8     E2Recomp_data_init.obj
 0002:00001708       ?v@?BCJ@??E2R_InitData@@9@9 10087708     E2Recomp_data_init.obj
 0002:0000171c       ?v@?BCK@??E2R_InitData@@9@9 1008771c     E2Recomp_data_init.obj
 0002:00001734       ?v@?BCL@??E2R_InitData@@9@9 10087734     E2Recomp_data_init.obj
 0002:00001740       ?v@?BCM@??E2R_InitData@@9@9 10087740     E2Recomp_data_init.obj
 0002:00001750       ?v@?BCN@??E2R_InitData@@9@9 10087750     E2Recomp_data_init.obj
 0002:00001760       ?v@?BCO@??E2R_InitData@@9@9 10087760     E2Recomp_data_init.obj
 0002:00001768       ?v@?BCP@??E2R_InitData@@9@9 10087768     E2Recomp_data_init.obj
 0002:0000178c       ?v@?BDA@??E2R_InitData@@9@9 1008778c     E2Recomp_data_init.obj
 0002:00001794       ?v@?BDB@??E2R_InitData@@9@9 10087794     E2Recomp_data_init.obj
 0002:000017a0       ?v@?BDC@??E2R_InitData@@9@9 100877a0     E2Recomp_data_init.obj
 0002:000017d0       ?v@?BDD@??E2R_InitData@@9@9 100877d0     E2Recomp_data_init.obj
 0002:000017d8       ?v@?BDE@??E2R_InitData@@9@9 100877d8     E2Recomp_data_init.obj
 0002:000017e0       ?v@?BDF@??E2R_InitData@@9@9 100877e0     E2Recomp_data_init.obj
 0002:00001800       ?v@?BDG@??E2R_InitData@@9@9 10087800     E2Recomp_data_init.obj
 0002:00001828       ?v@?BDH@??E2R_InitData@@9@9 10087828     E2Recomp_data_init.obj
 0002:00001850       ?v@?BDI@??E2R_InitData@@9@9 10087850     E2Recomp_data_init.obj
 0002:0000185c       ?v@?BDJ@??E2R_InitData@@9@9 1008785c     E2Recomp_data_init.obj
 0002:00001868       ?v@?BDK@??E2R_InitData@@9@9 10087868     E2Recomp_data_init.obj
 0002:00001874       ?v@?BDL@??E2R_InitData@@9@9 10087874     E2Recomp_data_init.obj
 0002:0000187c       ?v@?BDM@??E2R_InitData@@9@9 1008787c     E2Recomp_data_init.obj
 0002:00001888       ?v@?BDN@??E2R_InitData@@9@9 10087888     E2Recomp_data_init.obj
 0002:00001894       ?v@?BDO@??E2R_InitData@@9@9 10087894     E2Recomp_data_init.obj
 0002:000018a4       ?v@?BDP@??E2R_InitData@@9@9 100878a4     E2Recomp_data_init.obj
 0002:000018b4       ?v@?BEA@??E2R_InitData@@9@9 100878b4     E2Recomp_data_init.obj
 0002:000018c0       ?v@?BEB@??E2R_InitData@@9@9 100878c0     E2Recomp_data_init.obj
 0002:000018c8       ?v@?BEC@??E2R_InitData@@9@9 100878c8     E2Recomp_data_init.obj
 0002:000018d4       ?v@?BED@??E2R_InitData@@9@9 100878d4     E2Recomp_data_init.obj
 0002:000018e0       ?v@?BEE@??E2R_InitData@@9@9 100878e0     E2Recomp_data_init.obj
 0002:000018ec       ?v@?BEF@??E2R_InitData@@9@9 100878ec     E2Recomp_data_init.obj
 0002:000018f8       ?v@?BEG@??E2R_InitData@@9@9 100878f8     E2Recomp_data_init.obj
 0002:00001904       ?v@?BEH@??E2R_InitData@@9@9 10087904     E2Recomp_data_init.obj
 0002:00001910       ?v@?BEI@??E2R_InitData@@9@9 10087910     E2Recomp_data_init.obj
 0002:00001918       ?v@?BEJ@??E2R_InitData@@9@9 10087918     E2Recomp_data_init.obj
 0002:00001924       ?v@?BEK@??E2R_InitData@@9@9 10087924     E2Recomp_data_init.obj
 0002:00001930       ?v@?BEL@??E2R_InitData@@9@9 10087930     E2Recomp_data_init.obj
 0002:0000193c       ?v@?BEM@??E2R_InitData@@9@9 1008793c     E2Recomp_data_init.obj
 0002:00001944       ?v@?BEN@??E2R_InitData@@9@9 10087944     E2Recomp_data_init.obj
 0002:00001954       ?v@?BEO@??E2R_InitData@@9@9 10087954     E2Recomp_data_init.obj
 0002:00001964       ?v@?BEP@??E2R_InitData@@9@9 10087964     E2Recomp_data_init.obj
 0002:00001978       ?v@?BFA@??E2R_InitData@@9@9 10087978     E2Recomp_data_init.obj
 0002:00001994       ?v@?BFB@??E2R_InitData@@9@9 10087994     E2Recomp_data_init.obj
 0002:000019b0       ?v@?BFC@??E2R_InitData@@9@9 100879b0     E2Recomp_data_init.obj
 0002:000019bc       ?v@?BFD@??E2R_InitData@@9@9 100879bc     E2Recomp_data_init.obj
 0002:000019c4       ?v@?BFE@??E2R_InitData@@9@9 100879c4     E2Recomp_data_init.obj
 0002:000019cc       ?v@?BFF@??E2R_InitData@@9@9 100879cc     E2Recomp_data_init.obj
 0002:000019d4       ?v@?BFG@??E2R_InitData@@9@9 100879d4     E2Recomp_data_init.obj
 0002:000019e0       ?v@?BFH@??E2R_InitData@@9@9 100879e0     E2Recomp_data_init.obj
 0002:000019ec       ?v@?BFI@??E2R_InitData@@9@9 100879ec     E2Recomp_data_init.obj
 0002:000019f8       ?v@?BFJ@??E2R_InitData@@9@9 100879f8     E2Recomp_data_init.obj
 0002:00001a0c       ?v@?BFK@??E2R_InitData@@9@9 10087a0c     E2Recomp_data_init.obj
 0002:00001a14       ?v@?BFL@??E2R_InitData@@9@9 10087a14     E2Recomp_data_init.obj
 0002:00001a40       ?v@?BFM@??E2R_InitData@@9@9 10087a40     E2Recomp_data_init.obj
 0002:00001a48       ?v@?BFN@??E2R_InitData@@9@9 10087a48     E2Recomp_data_init.obj
 0002:00001a54       ?v@?BFO@??E2R_InitData@@9@9 10087a54     E2Recomp_data_init.obj
 0002:00001a64       ?v@?BFP@??E2R_InitData@@9@9 10087a64     E2Recomp_data_init.obj
 0002:00001a78       ?v@?BGA@??E2R_InitData@@9@9 10087a78     E2Recomp_data_init.obj
 0002:00001a8c       ?v@?BGB@??E2R_InitData@@9@9 10087a8c     E2Recomp_data_init.obj
 0002:00001a9c       ?v@?BGC@??E2R_InitData@@9@9 10087a9c     E2Recomp_data_init.obj
 0002:00001aac       ?v@?BGD@??E2R_InitData@@9@9 10087aac     E2Recomp_data_init.obj
 0002:00001ac0       ?v@?BGE@??E2R_InitData@@9@9 10087ac0     E2Recomp_data_init.obj
 0002:00001ad0       ?v@?BGF@??E2R_InitData@@9@9 10087ad0     E2Recomp_data_init.obj
 0002:00001adc       ?v@?BGG@??E2R_InitData@@9@9 10087adc     E2Recomp_data_init.obj
 0002:00001aec       ?v@?BGH@??E2R_InitData@@9@9 10087aec     E2Recomp_data_init.obj
 0002:00001afc       ?v@?BGI@??E2R_InitData@@9@9 10087afc     E2Recomp_data_init.obj
 0002:00001b0c       ?v@?BGJ@??E2R_InitData@@9@9 10087b0c     E2Recomp_data_init.obj
 0002:00001b1c       ?v@?BGK@??E2R_InitData@@9@9 10087b1c     E2Recomp_data_init.obj
 0002:00001b30       ?v@?BGL@??E2R_InitData@@9@9 10087b30     E2Recomp_data_init.obj
 0002:00001b40       ?v@?BGM@??E2R_InitData@@9@9 10087b40     E2Recomp_data_init.obj
 0002:00001b50       ?v@?BGN@??E2R_InitData@@9@9 10087b50     E2Recomp_data_init.obj
 0002:00001b60       ?v@?BGO@??E2R_InitData@@9@9 10087b60     E2Recomp_data_init.obj
 0002:00001b68       ?v@?BGP@??E2R_InitData@@9@9 10087b68     E2Recomp_data_init.obj
 0002:00001b74       ?v@?BHA@??E2R_InitData@@9@9 10087b74     E2Recomp_data_init.obj
 0002:00001b84       ?v@?BHB@??E2R_InitData@@9@9 10087b84     E2Recomp_data_init.obj
 0002:00001b8c       ?v@?BHC@??E2R_InitData@@9@9 10087b8c     E2Recomp_data_init.obj
 0002:00001b98       ?v@?BHD@??E2R_InitData@@9@9 10087b98     E2Recomp_data_init.obj
 0002:00001ba8       ?v@?BHE@??E2R_InitData@@9@9 10087ba8     E2Recomp_data_init.obj
 0002:00001bb0       ?v@?BHF@??E2R_InitData@@9@9 10087bb0     E2Recomp_data_init.obj
 0002:00001bc0       ?v@?BHG@??E2R_InitData@@9@9 10087bc0     E2Recomp_data_init.obj
 0002:00001bd0       ?v@?BHH@??E2R_InitData@@9@9 10087bd0     E2Recomp_data_init.obj
 0002:00001bdc       ?v@?BHI@??E2R_InitData@@9@9 10087bdc     E2Recomp_data_init.obj
 0002:00001bec       ?v@?BHJ@??E2R_InitData@@9@9 10087bec     E2Recomp_data_init.obj
 0002:00001bfc       ?v@?BHK@??E2R_InitData@@9@9 10087bfc     E2Recomp_data_init.obj
 0002:00001c08       ?v@?BHL@??E2R_InitData@@9@9 10087c08     E2Recomp_data_init.obj
 0002:00001c18       ?v@?BHM@??E2R_InitData@@9@9 10087c18     E2Recomp_data_init.obj
 0002:00001c24       ?v@?BHN@??E2R_InitData@@9@9 10087c24     E2Recomp_data_init.obj
 0002:00001c2c       ?v@?BHO@??E2R_InitData@@9@9 10087c2c     E2Recomp_data_init.obj
 0002:00001c38       ?v@?BHP@??E2R_InitData@@9@9 10087c38     E2Recomp_data_init.obj
 0002:00001c58       ?v@?BIA@??E2R_InitData@@9@9 10087c58     E2Recomp_data_init.obj
 0002:00001c64       ?v@?BIB@??E2R_InitData@@9@9 10087c64     E2Recomp_data_init.obj
 0002:00001c70       ?v@?BIC@??E2R_InitData@@9@9 10087c70     E2Recomp_data_init.obj
 0002:00001c7c       ?v@?BID@??E2R_InitData@@9@9 10087c7c     E2Recomp_data_init.obj
 0002:00001c8c       ?v@?BIE@??E2R_InitData@@9@9 10087c8c     E2Recomp_data_init.obj
 0002:00001c9c       ?v@?BIF@??E2R_InitData@@9@9 10087c9c     E2Recomp_data_init.obj
 0002:00001cb0       ?v@?BIG@??E2R_InitData@@9@9 10087cb0     E2Recomp_data_init.obj
 0002:00001cc0       ?v@?BIH@??E2R_InitData@@9@9 10087cc0     E2Recomp_data_init.obj
 0002:00001cd4       ?v@?BII@??E2R_InitData@@9@9 10087cd4     E2Recomp_data_init.obj
 0002:00001cdc       ?v@?BIJ@??E2R_InitData@@9@9 10087cdc     E2Recomp_data_init.obj
 0002:00001cec       ?v@?BIK@??E2R_InitData@@9@9 10087cec     E2Recomp_data_init.obj
 0002:00001cfc       ?v@?BIL@??E2R_InitData@@9@9 10087cfc     E2Recomp_data_init.obj
 0002:00001d0c       ?v@?BIM@??E2R_InitData@@9@9 10087d0c     E2Recomp_data_init.obj
 0002:00001d1c       ?v@?BIN@??E2R_InitData@@9@9 10087d1c     E2Recomp_data_init.obj
 0002:00001d24       ?v@?BIO@??E2R_InitData@@9@9 10087d24     E2Recomp_data_init.obj
 0002:00001d2c       ?v@?BIP@??E2R_InitData@@9@9 10087d2c     E2Recomp_data_init.obj
 0002:00001d3c       ?v@?BJA@??E2R_InitData@@9@9 10087d3c     E2Recomp_data_init.obj
 0002:00001d48       ?v@?BJB@??E2R_InitData@@9@9 10087d48     E2Recomp_data_init.obj
 0002:00001d50       ?v@?BJC@??E2R_InitData@@9@9 10087d50     E2Recomp_data_init.obj
 0002:00001d5c       ?v@?BJD@??E2R_InitData@@9@9 10087d5c     E2Recomp_data_init.obj
 0002:00001d68       ?v@?BJE@??E2R_InitData@@9@9 10087d68     E2Recomp_data_init.obj
 0002:00001d70       ?v@?BJF@??E2R_InitData@@9@9 10087d70     E2Recomp_data_init.obj
 0002:00001d78       ?v@?BJG@??E2R_InitData@@9@9 10087d78     E2Recomp_data_init.obj
 0002:00001d80       ?v@?BJH@??E2R_InitData@@9@9 10087d80     E2Recomp_data_init.obj
 0002:00001d8c       ?v@?BJI@??E2R_InitData@@9@9 10087d8c     E2Recomp_data_init.obj
 0002:00001d98       ?v@?BJJ@??E2R_InitData@@9@9 10087d98     E2Recomp_data_init.obj
 0002:00001da0       ?v@?BJK@??E2R_InitData@@9@9 10087da0     E2Recomp_data_init.obj
 0002:00001dac       ?v@?BJL@??E2R_InitData@@9@9 10087dac     E2Recomp_data_init.obj
 0002:00001db8       ?v@?BJM@??E2R_InitData@@9@9 10087db8     E2Recomp_data_init.obj
 0002:00001dc4       ?v@?BJN@??E2R_InitData@@9@9 10087dc4     E2Recomp_data_init.obj
 0002:00001dd0       ?v@?BJO@??E2R_InitData@@9@9 10087dd0     E2Recomp_data_init.obj
 0002:00001ddc       ?v@?BJP@??E2R_InitData@@9@9 10087ddc     E2Recomp_data_init.obj
 0002:00001de4       ?v@?BKA@??E2R_InitData@@9@9 10087de4     E2Recomp_data_init.obj
 0002:00001df0       ?v@?BKB@??E2R_InitData@@9@9 10087df0     E2Recomp_data_init.obj
 0002:00001dfc       ?v@?BKC@??E2R_InitData@@9@9 10087dfc     E2Recomp_data_init.obj
 0002:00001e04       ?v@?BKD@??E2R_InitData@@9@9 10087e04     E2Recomp_data_init.obj
 0002:00001e10       ?v@?BKE@??E2R_InitData@@9@9 10087e10     E2Recomp_data_init.obj
 0002:00001e1c       ?v@?BKF@??E2R_InitData@@9@9 10087e1c     E2Recomp_data_init.obj
 0002:00001e30       _bias_low                  10087e30     LIBCMT:ftol3.obj
 0002:00001e40       _bias_high                 10087e40     LIBCMT:ftol3.obj
 0002:00001e50       _DP2to32                   10087e50     LIBCMT:ftol3.obj
 0002:00001e58       _NaN                       10087e58     LIBCMT:ftol3.obj
 0002:00001e5c       _onept5                    10087e5c     LIBCMT:ftol3.obj
 0002:0000249c       .idata$6                   1008849c     user32:USER32.dll
 0002:000024d2       .idata$6                   100884d2     gdi32:GDI32.dll
 0002:00002904       .idata$6                   10088904     kernel32:KERNEL32.dll
 0002:000029c0       .idata$6                   100889c0     winmm:WINMM.dll
 0002:000029de       .idata$6                   100889de     comdlg32:COMDLG32.dll
 0003:00000000       $SG121674                  10089000     E2Recomp_recon.obj
 0003:00000028       $SG121701                  10089028     E2Recomp_recon.obj
 0003:00000050       $SG79162                   10089050     E2Recomp_stubs.obj
 0003:00000070       $SG79164                   10089070     E2Recomp_stubs.obj
 0003:00000138       _E2R_dd_obj                10089138     E2Recomp_stubs.obj
 0003:0000013c       _E2R_surf_obj              1008913c     E2Recomp_stubs.obj
 0003:00000140       $SG79453                   10089140     E2Recomp_stubs.obj
 0003:00000154       $SG79454                   10089154     E2Recomp_stubs.obj
 0003:00000160       $SG79466                   10089160     E2Recomp_stubs.obj
 0003:0000016c       $SG79467                   1008916c     E2Recomp_stubs.obj
 0003:00000178       $SG79481                   10089178     E2Recomp_stubs.obj
 0003:00000188       $SG79482                   10089188     E2Recomp_stubs.obj
 0003:00000198       $SG79494                   10089198     E2Recomp_stubs.obj
 0003:000001a8       $SG79495                   100891a8     E2Recomp_stubs.obj
 0003:000001b8       $SG79505                   100891b8     E2Recomp_stubs.obj
 0003:000001c8       $SG79506                   100891c8     E2Recomp_stubs.obj
 0003:000001d8       $SG79516                   100891d8     E2Recomp_stubs.obj
 0003:000001ec       $SG79517                   100891ec     E2Recomp_stubs.obj
 0003:00000260       ?initialized@?1??E2R_InitData@@9@9 10089260     E2Recomp_data_init.obj
 0003:00000278       _E2R_dd_vtbl               10089278     E2Recomp_stubs.obj
 0003:00000378       _E2R_surf_vtbl             10089378     E2Recomp_stubs.obj
 0003:00000478       ?fn@?1??DirectSoundCreate@@9@9 10089478     E2Recomp_stubs.obj
 0003:0000047c       ?fn@?1??acmMetrics@@9@9    1008947c     E2Recomp_stubs.obj
 0003:00000480       ?fn@?1??SIMD_InitDriver@@9@9 10089480     E2Recomp_stubs.obj
 0003:00000484       ?fn@?1??SIMD_PlayTune@@9@9 10089484     E2Recomp_stubs.obj
 0003:00000488       ?fn@?1??SIMD_StopTune@@9@9 10089488     E2Recomp_stubs.obj
 0003:0000048c       ?fn@?1??SIMD_RemoveDriver@@9@9 1008948c     E2Recomp_stubs.obj
